<html>
<body>
<pre>
<h1>µVision Build Log</h1>
<h2>Tool Versions:</h2>
IDE-Version: µVision V5.24.2.0
Copyright (C) 2017 ARM Ltd and ARM Germany GmbH. All rights reserved.
License Information: Manvendra sharma, University of Pennsylvania, LIC=----
 
Tool Versions:
Toolchain:       MDK-Lite  Version: 5.24.1
Toolchain Path:  C:\Keil_v5\ARM\ARMCC\Bin
C Compiler:      Armcc.exe V5.06 update 5 (build 528)
Assembler:       Armasm.exe V5.06 update 5 (build 528)
Linker/Locator:  ArmLink.exe V5.06 update 5 (build 528)
Library Manager: ArmAr.exe V5.06 update 5 (build 528)
Hex Converter:   FromElf.exe V5.06 update 5 (build 528)
CPU DLL:         
Dialog DLL:      DCM.DLL V1.16.0.0
Target DLL:      CMSIS_AGDI.dll V1.28.3.0
Dialog DLL:      TCM.DLL V1.32.0.0
 
<h2>Project:</h2>
C:\Users\Manav\Downloads\Heart_uvision5_lpc1768\Heart\Heart.uvprojx
Project File Date:  12/14/2017

<h2>Output:</h2>
*** Using Compiler 'V5.06 update 5 (build 528)', folder: 'C:\Keil_v5\ARM\ARMCC\Bin'
Build target 'Heart'
compiling main.cpp...
mbed/./platform/toolchain.h(23): warning:  #1215-D: #warning directive: toolchain.h has been replaced by mbed_toolchain.h, please update to mbed_toolchain.h [since mbed-os-5.3]
  #warning toolchain.h has been replaced by mbed_toolchain.h, please update to mbed_toolchain.h [since mbed-os-5.3]
main.cpp(78): warning:  #1-D: last line of file ends without a newline
      }*/
main.cpp: 2 warnings, 0 errors
linking...
Program Size: Code=25648 RO-data=1732 RW-data=196 ZI-data=5708  
After Build - User command #1: fromelf --bin -o F:\Heart.bin .\BUILD\Heart.axf
".\BUILD\Heart.axf" - 0 Error(s), 2 Warning(s).

<h2>Software Packages used:</h2>

Package Vendor: Keil
                http://www.keil.com/pack/Keil.LPC1700_DFP.2.4.0.pack
                Keil.LPC1700_DFP.2.4.0
                NXP LPC1700 Series Device Support, Drivers and Examples for MCB1700 and LPC1788-32

<h2>Collection of Component include folders:</h2>
  .\RTE\_Heart
  C:\Keil_v5\ARM\PACK\Keil\LPC1700_DFP\2.4.0\Device\Include

<h2>Collection of Component Files used:</h2>
Build Time Elapsed:  00:00:01
</pre>
</body>
</html>
