Component: ARM Compiler 5.06 update 5 (build 528) Tool: armlink [4d35e2]

==============================================================================

Section Cross References

    .\build\main.o(i._Z11pace_threadv) refers to .\build\semaphore.o(i._ZN4rtos9Semaphore4waitEj) for rtos::Semaphore::wait(unsigned)
    .\build\main.o(i._Z11pace_threadv) refers to .\build\main.o(i._ZN4mbed10DigitalOutcviEv) for mbed::DigitalOut::operator int()
    .\build\main.o(i._Z11pace_threadv) refers to .\build\main.o(i._ZN4mbed10DigitalOutaSEi) for mbed::DigitalOut::operator =(int)
    .\build\main.o(i._Z11pace_threadv) refers to .\build\thread.o(i._ZN4rtos6Thread4waitEj) for rtos::Thread::wait(unsigned)
    .\build\main.o(i._Z11pace_threadv) refers to C:\Keil_v5\ARM\ARMCC\Bin\..\lib\armlib\c_w.l(__2printf.o)(.text) for __2printf
    .\build\main.o(i._Z11pace_threadv) refers to .\build\semaphore.o(i._ZN4rtos9Semaphore7releaseEv) for rtos::Semaphore::release()
    .\build\main.o(i._Z11pace_threadv) refers to .\build\main.o(.bss) for Mut
    .\build\main.o(i._Z11pace_threadv) refers to .\build\main.o(.data) for random
    .\build\main.o(i._Z12sense_threadv) refers to .\build\semaphore.o(i._ZN4rtos9Semaphore4waitEj) for rtos::Semaphore::wait(unsigned)
    .\build\main.o(i._Z12sense_threadv) refers to .\build\main.o(i._ZN4mbed10DigitalOutcviEv) for mbed::DigitalOut::operator int()
    .\build\main.o(i._Z12sense_threadv) refers to .\build\main.o(i._ZN4mbed10DigitalOutaSEi) for mbed::DigitalOut::operator =(int)
    .\build\main.o(i._Z12sense_threadv) refers to .\build\thread.o(i._ZN4rtos6Thread4waitEj) for rtos::Thread::wait(unsigned)
    .\build\main.o(i._Z12sense_threadv) refers to C:\Keil_v5\ARM\ARMCC\Bin\..\lib\armlib\c_w.l(__2printf.o)(.text) for __2printf
    .\build\main.o(i._Z12sense_threadv) refers to .\build\semaphore.o(i._ZN4rtos9Semaphore7releaseEv) for rtos::Semaphore::release()
    .\build\main.o(i._Z12sense_threadv) refers to .\build\main.o(.bss) for Mut
    .\build\main.o(i._Z12sense_threadv) refers to .\build\main.o(.data) for random
    .\build\main.o(i.__sti___8_main_cpp_pace) refers to .\build\main.o(i._ZN4mbed10DigitalOutC1E7PinName) for mbed::DigitalOut::DigitalOut(PinName)
    .\build\main.o(i.__sti___8_main_cpp_pace) refers to .\build\main.o(i._ZN4rtos6ThreadC1E10osPriorityjPh) for rtos::Thread::Thread(osPriority, unsigned, unsigned char*)
    .\build\main.o(i.__sti___8_main_cpp_pace) refers to mbed/TARGET_LPC1768/TOOLCHAIN_ARM_STD/mbed_retarget.o(i.__aeabi_atexit) for __aeabi_atexit
    .\build\main.o(i.__sti___8_main_cpp_pace) refers to .\build\semaphore.o(i._ZN4rtos9SemaphoreC1Ei) for rtos::Semaphore::Semaphore(int)
    .\build\main.o(i.__sti___8_main_cpp_pace) refers to .\build\main.o(.bss) for pace
    .\build\main.o(i.__sti___8_main_cpp_pace) refers to .\build\thread.o(i._ZN4rtos6ThreadD1Ev) for rtos::Thread::~Thread()
    .\build\main.o(i.__sti___8_main_cpp_pace) refers to .\build\semaphore.o(i._ZN4rtos9SemaphoreD1Ev) for rtos::Semaphore::~Semaphore()
    .\build\main.o(i.main) refers to C:\Keil_v5\ARM\ARMCC\Bin\..\lib\armlib\c_w.l(rand.o)(.emb_text) for rand
    .\build\main.o(i.main) refers to .\build\main.o(t._ZN4mbed8CallbackIFvvEEC1EPS1_) for mbed::Callback<void()>::Callback(void(*)())
    .\build\main.o(i.main) refers to .\build\thread.o(i._ZN4rtos6Thread5startEN4mbed8CallbackIFvvEEE) for rtos::Thread::start(mbed::Callback<void()>)
    .\build\main.o(i.main) refers to .\build\main.o(t._ZN4mbed8CallbackIFvvEED1Ev) for mbed::Callback<void()>::~Callback()
    .\build\main.o(i.main) refers to .\build\main.o(.data) for random
    .\build\main.o(i.main) refers to .\build\main.o(i._Z12sense_threadv) for sense_thread()
    .\build\main.o(i.main) refers to .\build\main.o(.bss) for senseH
    .\build\main.o(i.main) refers to .\build\main.o(i._Z11pace_threadv) for pace_thread()
    .\build\main.o(.ARM.exidx) refers to .\build\main.o(i._Z11pace_threadv) for i._Z11pace_threadv
    .\build\main.o(.ARM.exidx) refers to .\build\main.o(i._Z12sense_threadv) for i._Z12sense_threadv
    .\build\main.o(.ARM.exidx) refers to .\build\main.o(i.main) for i.main
    .\build\main.o(.ARM.exidx) refers to .\build\main.o(i.__sti___8_main_cpp_pace) for i.__sti___8_main_cpp_pace
    .\build\main.o(.init_array) refers to .\build\main.o(i.__sti___8_main_cpp_pace) for __sti___8_main_cpp_pace
    .\build\main.o(.init_array) refers to C:\Keil_v5\ARM\ARMCC\Bin\..\lib\armlib\c_w.l(init_aeabi.o)(.text) for __cpp_initialize__aeabi_
    mbed/TARGET_LPC1768/TOOLCHAIN_ARM_STD/analogin_api.o(i.analogin_init) refers to mbed/TARGET_LPC1768/TOOLCHAIN_ARM_STD/mbed.ar(mbed_pinmap_common.o)(i.pinmap_peripheral) for pinmap_peripheral
    mbed/TARGET_LPC1768/TOOLCHAIN_ARM_STD/analogin_api.o(i.analogin_init) refers to mbed/TARGET_LPC1768/TOOLCHAIN_ARM_STD/mbed.ar(mbed_assert.o)(i.mbed_assert_internal) for mbed_assert_internal
[...]
    uart2_irq                                0x00006431   Thumb Code    14  mbed/TARGET_LPC1768/TOOLCHAIN_ARM_STD/serial_api.o(i.uart2_irq)
    uart3_irq                                0x00006445   Thumb Code    14  mbed/TARGET_LPC1768/TOOLCHAIN_ARM_STD/serial_api.o(i.uart3_irq)
    us_ticker_clear_interrupt                0x000064e9   Thumb Code     8  mbed/TARGET_LPC1768/TOOLCHAIN_ARM_STD/us_ticker.o(i.us_ticker_clear_interrupt)
    us_ticker_disable_interrupt              0x000064f5   Thumb Code    12  mbed/TARGET_LPC1768/TOOLCHAIN_ARM_STD/us_ticker.o(i.us_ticker_disable_interrupt)
    us_ticker_fire_interrupt                 0x00006505   Thumb Code    12  mbed/TARGET_LPC1768/TOOLCHAIN_ARM_STD/us_ticker.o(i.us_ticker_fire_interrupt)
    us_ticker_init                           0x00006511   Thumb Code    74  mbed/TARGET_LPC1768/TOOLCHAIN_ARM_STD/us_ticker.o(i.us_ticker_init)
    us_ticker_irq_handler                    0x00006579   Thumb Code     6  mbed/TARGET_LPC1768/TOOLCHAIN_ARM_STD/mbed.ar(mbed_us_ticker_api.o)(i.us_ticker_irq_handler)
    us_ticker_read                           0x00006585   Thumb Code    72  mbed/TARGET_LPC1768/TOOLCHAIN_ARM_STD/us_ticker.o(i.us_ticker_read)
    us_ticker_set_interrupt                  0x000065e9   Thumb Code    14  mbed/TARGET_LPC1768/TOOLCHAIN_ARM_STD/us_ticker.o(i.us_ticker_set_interrupt)
    wait_ms                                  0x000065fd   Thumb Code    36  mbed/TARGET_LPC1768/TOOLCHAIN_ARM_STD/mbed.ar(mbed_wait_api_no_rtos.o)(i.wait_ms)
    _get_lc_numeric                          0x00006621   Thumb Code    44  C:\Keil_v5\ARM\ARMCC\Bin\..\lib\armlib\c_w.l(lc_numeric_c.o)(locale$$code)
    _get_lc_ctype                            0x0000664d   Thumb Code    44  C:\Keil_v5\ARM\ARMCC\Bin\..\lib\armlib\c_w.l(lc_ctype_c.o)(locale$$code)
    SingletonPtr<PlatformMutex>::operator ->() 0x00006679   Thumb Code    36  mbed/TARGET_LPC1768/TOOLCHAIN_ARM_STD/mbed.ar(FileBase.o)(t._ZN12SingletonPtrI13PlatformMutexEptEv)
    void mbed::Callback<void()>::function_call<void(*)()>(const void*) 0x000066a5   Thumb Code    10  .\build\main.o(t._ZN4mbed8CallbackIFvvEE13function_callIPS1_EEvPKv)
    void mbed::Callback<void()>::function_dtor<void(*)()>(void*) 0x000066af   Thumb Code     2  .\build\main.o(t._ZN4mbed8CallbackIFvvEE13function_dtorIPS1_EEvPv)
    void mbed::Callback<void()>::function_move<void(*)()>(void*, const void*) 0x000066b1   Thumb Code    14  .\build\main.o(t._ZN4mbed8CallbackIFvvEE13function_moveIPS1_EEvPvPKv)
    mbed::Callback<void()>::Callback(void(*)()) 0x000066c1   Thumb Code    50  .\build\main.o(t._ZN4mbed8CallbackIFvvEEC1EPS1_)
    mbed::Callback<void()>::Callback__sub_object(void(*)()) 0x000066c1   Thumb Code     0  .\build\main.o(t._ZN4mbed8CallbackIFvvEEC1EPS1_)
    mbed::Callback<void()>::Callback(const mbed::Callback<void()>&) 0x000066f9   Thumb Code    28  .\build\thread.o(t._ZN4mbed8CallbackIFvvEEC1ERKS2_)
    mbed::Callback<void()>::Callback__sub_object(const mbed::Callback<void()>&) 0x000066f9   Thumb Code     0  .\build\thread.o(t._ZN4mbed8CallbackIFvvEEC1ERKS2_)
    mbed::Callback<void()>::~Callback()      0x00006715   Thumb Code    20  .\build\main.o(t._ZN4mbed8CallbackIFvvEED1Ev)
    mbed::Callback<void()>::~Callback__sub_object() 0x00006715   Thumb Code     0  .\build\main.o(t._ZN4mbed8CallbackIFvvEED1Ev)
    _printf_fp_dec                           0x00006729   Thumb Code     4  C:\Keil_v5\ARM\ARMCC\Bin\..\lib\armlib\fz_ws.l(printf1.o)(x$fpl$printf1)
    _printf_fp_hex                           0x0000672d   Thumb Code     4  C:\Keil_v5\ARM\ARMCC\Bin\..\lib\armlib\fz_ws.l(printf2.o)(x$fpl$printf2)
    __I$use$fp                               0x00006730   Number         0  C:\Keil_v5\ARM\ARMCC\Bin\..\lib\armlib\fz_ws.l(usenofp.o)(x$fpl$usenofp)
    __stdin_name                             0x00006730   Data           7  mbed/TARGET_LPC1768/TOOLCHAIN_ARM_STD/mbed_retarget.o(.constdata)
    __stdout_name                            0x00006737   Data           8  mbed/TARGET_LPC1768/TOOLCHAIN_ARM_STD/mbed_retarget.o(.constdata)
    __stderr_name                            0x0000673f   Data           8  mbed/TARGET_LPC1768/TOOLCHAIN_ARM_STD/mbed_retarget.o(.constdata)
    os_mutex_def_osThreadMutex               0x00006868   Data           4  .\build\rt_cmsis.o(.constdata)
    os_maxtaskrun                            0x0000686c   Data           2  .\build\rtx_conf_cm.o(.constdata)
    os_stackinfo                             0x00006870   Data           4  .\build\rtx_conf_cm.o(.constdata)
    os_rrobin                                0x00006874   Data           4  .\build\rtx_conf_cm.o(.constdata)
    os_tickfreq                              0x00006878   Data           4  .\build\rtx_conf_cm.o(.constdata)
    os_tickus_i                              0x0000687c   Data           2  .\build\rtx_conf_cm.o(.constdata)
    os_tickus_f                              0x0000687e   Data           2  .\build\rtx_conf_cm.o(.constdata)
    os_trv                                   0x00006880   Data           4  .\build\rtx_conf_cm.o(.constdata)
    os_flags                                 0x00006884   Data           1  .\build\rtx_conf_cm.o(.constdata)
    CMSIS_RTOS_API_Version                   0x00006888   Data           4  .\build\rtx_conf_cm.o(.constdata)
    CMSIS_RTOS_RTX_Version                   0x0000688c   Data           4  .\build\rtx_conf_cm.o(.constdata)
    os_clockrate                             0x00006890   Data           4  .\build\rtx_conf_cm.o(.constdata)
    os_timernum                              0x00006894   Data           4  .\build\rtx_conf_cm.o(.constdata)
    mp_tcb_size                              0x00006898   Data           2  .\build\rtx_conf_cm.o(.constdata)
    mp_stk_size                              0x0000689c   Data           4  .\build\rtx_conf_cm.o(.constdata)
    os_fifo_size                             0x000068a0   Data           1  .\build\rtx_conf_cm.o(.constdata)
    os_thread_def_osTimerThread              0x000068a4   Data          20  .\build\rtx_conf_cm.o(.constdata)
    os_messageQ_def_osTimerMessageQ          0x000068b8   Data           8  .\build\rtx_conf_cm.o(.constdata)
    mp_tmr_size                              0x000068c0   Data           2  .\build\rtx_conf_cm.o(.constdata)
    os_mutex_def_singleton_mutex             0x000068c4   Data           4  .\build\rtx_conf_cm.o(.constdata)
    vtable for rtos::Thread                  0x000069e4   Data          16  .\build\thread.o(.constdata__ZTVN4rtos6ThreadE)
    SingletonPtr<PlatformMutex>::get()::string 0x000069f4   Data          20  mbed/TARGET_LPC1768/TOOLCHAIN_ARM_STD/mbed_retarget.o(.constdata__ZZN12SingletonPtrI13PlatformMutexE3getEvEs)
    SingletonPtr<PlatformMutex>::get()::string (instance 2) 0x00006a08   Data          72  mbed/TARGET_LPC1768/TOOLCHAIN_ARM_STD/mbed_retarget.o(.constdata__ZZN12SingletonPtrI13PlatformMutexE3getEvEs_0)
    void mbed::Callback<void()>::generate<void(*)()>(const T1&)::ops 0x00006a50   Data          12  .\build\main.o(.constdata__ZZN4mbed8CallbackIFvvEE8generateIPS1_EEvRKT_E3ops)
    mbed::Callback<void()>::call() const::string 0x00006a5c   Data           5  .\build\rtostimer.o(.constdata__ZZNK4mbed8CallbackIFvvEE4callEvEs)
    mbed::Callback<void()>::call() const::string (instance 2) 0x00006a61   Data          27  .\build\rtostimer.o(.constdata__ZZNK4mbed8CallbackIFvvEE4callEvEs_0)
    Region$$Table$$Base                      0x00006bdc   Number         0  anon$$obj.o(Region$$Table)
    Region$$Table$$Limit                     0x00006bfc   Number         0  anon$$obj.o(Region$$Table)
    __ctype                                  0x00006c25   Data           0  C:\Keil_v5\ARM\ARMCC\Bin\..\lib\armlib\c_w.l(lc_ctype_c.o)(locale$$data)
    SHT$$INIT_ARRAY$$Base                    0x00006d28   Number         0  .\build\main.o(.init_array)
    SHT$$INIT_ARRAY$$Limit                   0x00006d2c   Number         0  C:\Keil_v5\ARM\ARMCC\Bin\..\lib\armlib\c_w.l(init_aeabi.o)(.init_array)
    random                                   0x100000c8   Data           4  .\build\main.o(.data)
    stdio_uart_inited                        0x100000dc   Data           4  mbed/TARGET_LPC1768/TOOLCHAIN_ARM_STD/serial_api.o(.data)
    stdio_uart                               0x100000e4   Data           8  mbed/TARGET_LPC1768/TOOLCHAIN_ARM_STD/serial_api.o(.data)
    SystemCoreClock                          0x100000ec   Data           4  mbed/TARGET_LPC1768/TOOLCHAIN_ARM_STD/system_LPC17xx.o(.data)
    us_ticker_inited                         0x100000f0   Data           4  mbed/TARGET_LPC1768/TOOLCHAIN_ARM_STD/us_ticker.o(.data)
    osMutexId_osThreadMutex                  0x100000f4   Data           4  .\build\rt_cmsis.o(.data)
    os_initialized                           0x100000f8   Data           1  .\build\rt_cmsis.o(.data)
    os_running                               0x100000f9   Data           1  .\build\rt_cmsis.o(.data)
    os_timer_head                            0x100000fc   Data           4  .\build\rt_cmsis.o(.data)
    osEventObs                               0x10000104   Data           4  .\build\rt_oseventobserver.o(.data)
    os_robin                                 0x1000010c   Data           8  .\build\rt_robin.o(.data)
    os_tick_irqn                             0x10000114   Data           4  .\build\rt_system.o(.data)
    os_tsk                                   0x1000011c   Data           8  .\build\rt_task.o(.data)
    os_time                                  0x10000124   Data           4  .\build\rt_time.o(.data)
    osThreadId_osTimerThread                 0x1000012c   Data           4  .\build\rtx_conf_cm.o(.data)
    osMessageQId_osTimerMessageQ             0x10000130   Data           4  .\build\rtx_conf_cm.o(.data)
    os_tmr                                   0x10000134   Data           4  .\build\rtx_conf_cm.o(.data)
    m_tmr                                    0x10000138   Data           4  .\build\rtx_conf_cm.o(.data)
    singleton_mutex_id                       0x1000013c   Data           4  .\build\rtx_conf_cm.o(.data)
    os_thread_def_main                       0x10000144   Data          20  .\build\rtx_conf_cm.o(.data)
    armcc_heap_base                          0x10000158   Data           4  .\build\rtx_conf_cm.o(.data)
    armcc_heap_top                           0x1000015c   Data           4  .\build\rtx_conf_cm.o(.data)
    mbed::FileBase::_head                    0x10000170   Data           4  mbed/TARGET_LPC1768/TOOLCHAIN_ARM_STD/mbed.ar(FileBase.o)(.data)
    mbed::FileBase::_mutex                   0x10000174   Data           8  mbed/TARGET_LPC1768/TOOLCHAIN_ARM_STD/mbed.ar(FileBase.o)(.data)
    __aeabi_stdin                            0x1000017c   Data           4  C:\Keil_v5\ARM\ARMCC\Bin\..\lib\armlib\c_w.l(stdio_streams.o)(.data)
    __aeabi_stdout                           0x10000180   Data           4  C:\Keil_v5\ARM\ARMCC\Bin\..\lib\armlib\c_w.l(stdio_streams.o)(.data)
    __aeabi_stderr                           0x10000184   Data           4  C:\Keil_v5\ARM\ARMCC\Bin\..\lib\armlib\c_w.l(stdio_streams.o)(.data)
    _stream_list_lock                        0x10000188   Data           4  C:\Keil_v5\ARM\ARMCC\Bin\..\lib\armlib\c_w.l(streamlock.o)(.data)
    pace                                     0x1000018c   Data          24  .\build\main.o(.bss)
    sense                                    0x100001a4   Data          24  .\build\main.o(.bss)
    paceH                                    0x100001bc   Data          88  .\build\main.o(.bss)
    senseH                                   0x10000214   Data          88  .\build\main.o(.bss)
    Mut                                      0x1000026c   Data          16  .\build\main.o(.bss)
    Heart                                    0x1000027c   Data          16  .\build\main.o(.bss)
    os_mutex_cb_osThreadMutex                0x100004b0   Data          16  .\build\rt_cmsis.o(.bss)
    os_rdy                                   0x100004c0   Data          24  .\build\rt_list.o(.bss)
    os_dly                                   0x100004d8   Data          24  .\build\rt_list.o(.bss)
    os_idle_TCB                              0x100004f0   Data          64  .\build\rt_task.o(.bss)
    mp_tcb                                   0x10000530   Data         972  .\build\rtx_conf_cm.o(.bss)
    mp_stk                                   0x10000900   Data         528  .\build\rtx_conf_cm.o(.bss)
    os_fifo                                  0x10000b10   Data         132  .\build\rtx_conf_cm.o(.bss)
    os_active_TCB                            0x10000b94   Data          60  .\build\rtx_conf_cm.o(.bss)
    os_thread_def_stack_osTimerThread        0x10000bd0   Data         800  .\build\rtx_conf_cm.o(.bss)
    os_messageQ_q_osTimerMessageQ            0x10000ef0   Data          32  .\build\rtx_conf_cm.o(.bss)
    os_mutex_cb_singleton_mutex              0x10000f10   Data          16  .\build\rtx_conf_cm.o(.bss)
    __libspace_start                         0x10001598   Data          96  C:\Keil_v5\ARM\ARMCC\Bin\..\lib\armlib\c_w.l(libspace.o)(.bss)
    __stdin                                  0x100015f8   Data          84  C:\Keil_v5\ARM\ARMCC\Bin\..\lib\armlib\c_w.l(stdio_streams.o)(.bss)
    __temporary_stack_top$libspace           0x100015f8   Data           0  C:\Keil_v5\ARM\ARMCC\Bin\..\lib\armlib\c_w.l(libspace.o)(.bss)
    __stdout                                 0x1000164c   Data          84  C:\Keil_v5\ARM\ARMCC\Bin\..\lib\armlib\c_w.l(stdio_streams.o)(.bss)
    __stderr                                 0x100016a0   Data          84  C:\Keil_v5\ARM\ARMCC\Bin\..\lib\armlib\c_w.l(stdio_streams.o)(.bss)
    _random_number_data                      0x100016f4   Data         228  C:\Keil_v5\ARM\ARMCC\Bin\..\lib\armlib\c_w.l(rand.o)(.bss)
    Image$$RW_IRAM1$$ZI$$Limit               0x100017d8   Number         0  anon$$obj.o ABSOLUTE



==============================================================================

Memory Map of the image

  Image Entry point : 0x00000301

  Load Region LR_IROM1 (Base: 0x00000000, Size: 0x00006df0, Max: 0x00080000, ABSOLUTE)

    Execution Region ER_IROM0 (Exec base: 0x00000000, Load base: 0x00000000, Size: 0x000000c4, Max: 0x000002fc, ABSOLUTE)

    Exec Addr    Load Addr    Size         Type   Attr      Idx    E Section Name        Object

    0x00000000   0x00000000   0x000000c4   Data   RO         1088    RESET               mbed/TARGET_LPC1768/TOOLCHAIN_ARM_STD/startup_LPC17xx.o


    Execution Region ER_CRP (Exec base: 0x000002fc, Load base: 0x000002fc, Size: 0x00000004, Max: 0x00000004, ABSOLUTE, FIXED)

    Exec Addr    Load Addr    Size         Type   Attr      Idx    E Section Name        Object

    0x000002fc   0x000002fc   0x00000004   Data   RO          617    .CRPSection         mbed/TARGET_LPC1768/TOOLCHAIN_ARM_STD/CRP.o


    Execution Region ER_IROM1 (Exec base: 0x00000300, Load base: 0x00000300, Size: 0x00006a2c, Max: 0x0007fd00, ABSOLUTE, FIXED)

    Exec Addr    Load Addr    Size         Type   Attr      Idx    E Section Name        Object

    0x00000300   0x00000300   0x00000008   Code   RO         3533  * !!!main             C:\Keil_v5\ARM\ARMCC\Bin\..\lib\armlib\c_w.l(__main.o)
    0x00000308   0x00000308   0x00000034   Code   RO         4154    !!!scatter          C:\Keil_v5\ARM\ARMCC\Bin\..\lib\armlib\c_w.l(__scatter.o)
    0x0000033c   0x0000033c   0x0000001a   Code   RO         4156    !!handler_copy      C:\Keil_v5\ARM\ARMCC\Bin\..\lib\armlib\c_w.l(__scatter_copy.o)
    0x00000356   0x00000356   0x00000002   PAD
    0x00000358   0x00000358   0x0000001c   Code   RO         4158    !!handler_zi        C:\Keil_v5\ARM\ARMCC\Bin\..\lib\armlib\c_w.l(__scatter_zi.o)
    0x00000374   0x00000374   0x00000000   Code   RO         3799    .ARM.Collect$$_printf_percent$$00000000  C:\Keil_v5\ARM\ARMCC\Bin\..\lib\armlib\c_w.l(_printf_percent.o)
    0x00000374   0x00000374   0x00000006   Code   RO         3788    .ARM.Collect$$_printf_percent$$00000001  C:\Keil_v5\ARM\ARMCC\Bin\..\lib\armlib\c_w.l(_printf_n.o)
    0x0000037a   0x0000037a   0x00000006   Code   RO         3790    .ARM.Collect$$_printf_percent$$00000002  C:\Keil_v5\ARM\ARMCC\Bin\..\lib\armlib\c_w.l(_printf_p.o)
    0x00000380   0x00000380   0x00000006   Code   RO         3795    .ARM.Collect$$_printf_percent$$00000003  C:\Keil_v5\ARM\ARMCC\Bin\..\lib\armlib\c_w.l(_printf_f.o)
    0x00000386   0x00000386   0x00000006   Code   RO         3796    .ARM.Collect$$_printf_percent$$00000004  C:\Keil_v5\ARM\ARMCC\Bin\..\lib\armlib\c_w.l(_printf_e.o)
    0x0000038c   0x0000038c   0x00000006   Code   RO         3797    .ARM.Collect$$_printf_percent$$00000005  C:\Keil_v5\ARM\ARMCC\Bin\..\lib\armlib\c_w.l(_printf_g.o)
    0x00000392   0x00000392   0x00000006   Code   RO         3798    .ARM.Collect$$_printf_percent$$00000006  C:\Keil_v5\ARM\ARMCC\Bin\..\lib\armlib\c_w.l(_printf_a.o)
    0x00000398   0x00000398   0x0000000a   Code   RO         3803    .ARM.Collect$$_printf_percent$$00000007  C:\Keil_v5\ARM\ARMCC\Bin\..\lib\armlib\c_w.l(_printf_ll.o)
    0x000003a2   0x000003a2   0x00000006   Code   RO         3792    .ARM.Collect$$_printf_percent$$00000008  C:\Keil_v5\ARM\ARMCC\Bin\..\lib\armlib\c_w.l(_printf_i.o)
    0x000003a8   0x000003a8   0x00000006   Code   RO         3793    .ARM.Collect$$_printf_percent$$00000009  C:\Keil_v5\ARM\ARMCC\Bin\..\lib\armlib\c_w.l(_printf_d.o)
    0x000003ae   0x000003ae   0x00000006   Code   RO         3794    .ARM.Collect$$_printf_percent$$0000000A  C:\Keil_v5\ARM\ARMCC\Bin\..\lib\armlib\c_w.l(_printf_u.o)
    0x000003b4   0x000003b4   0x00000006   Code   RO         3791    .ARM.Collect$$_printf_percent$$0000000B  C:\Keil_v5\ARM\ARMCC\Bin\..\lib\armlib\c_w.l(_printf_o.o)
    0x000003ba   0x000003ba   0x00000006   Code   RO         3789    .ARM.Collect$$_printf_percent$$0000000C  C:\Keil_v5\ARM\ARMCC\Bin\..\lib\armlib\c_w.l(_printf_x.o)
    0x000003c0   0x000003c0   0x00000006   Code   RO         3800    .ARM.Collect$$_printf_percent$$0000000D  C:\Keil_v5\ARM\ARMCC\Bin\..\lib\armlib\c_w.l(_printf_lli.o)
    0x000003c6   0x000003c6   0x00000006   Code   RO         3801    .ARM.Collect$$_printf_percent$$0000000E  C:\Keil_v5\ARM\ARMCC\Bin\..\lib\armlib\c_w.l(_printf_lld.o)
    0x000003cc   0x000003cc   0x00000006   Code   RO         3802    .ARM.Collect$$_printf_percent$$0000000F  C:\Keil_v5\ARM\ARMCC\Bin\..\lib\armlib\c_w.l(_printf_llu.o)
    0x000003d2   0x000003d2   0x00000006   Code   RO         3807    .ARM.Collect$$_printf_percent$$00000010  C:\Keil_v5\ARM\ARMCC\Bin\..\lib\armlib\c_w.l(_printf_llo.o)
    0x000003d8   0x000003d8   0x00000006   Code   RO         3808    .ARM.Collect$$_printf_percent$$00000011  C:\Keil_v5\ARM\ARMCC\Bin\..\lib\armlib\c_w.l(_printf_llx.o)
    0x000003de   0x000003de   0x0000000a   Code   RO         3804    .ARM.Collect$$_printf_percent$$00000012  C:\Keil_v5\ARM\ARMCC\Bin\..\lib\armlib\c_w.l(_printf_l.o)
    0x000003e8   0x000003e8   0x00000006   Code   RO         3786    .ARM.Collect$$_printf_percent$$00000013  C:\Keil_v5\ARM\ARMCC\Bin\..\lib\armlib\c_w.l(_printf_c.o)
    0x000003ee   0x000003ee   0x00000006   Code   RO         3787    .ARM.Collect$$_printf_percent$$00000014  C:\Keil_v5\ARM\ARMCC\Bin\..\lib\armlib\c_w.l(_printf_s.o)
    0x000003f4   0x000003f4   0x00000006   Code   RO         3805    .ARM.Collect$$_printf_percent$$00000015  C:\Keil_v5\ARM\ARMCC\Bin\..\lib\armlib\c_w.l(_printf_lc.o)
    0x000003fa   0x000003fa   0x00000006   Code   RO         3806    .ARM.Collect$$_printf_percent$$00000016  C:\Keil_v5\ARM\ARMCC\Bin\..\lib\armlib\c_w.l(_printf_ls.o)
    0x00000400   0x00000400   0x00000004   Code   RO         3950    .ARM.Collect$$_printf_percent$$00000017  C:\Keil_v5\ARM\ARMCC\Bin\..\lib\armlib\c_w.l(_printf_percent_end.o)
    0x00000404   0x00000404   0x00000002   Code   RO         3532    .ARM.Collect$$libinit$$00000000  C:\Keil_v5\ARM\ARMCC\Bin\..\lib\armlib\c_w.l(libinit.o)
    0x00000406   0x00000406   0x00000000   Code   RO         3839    .ARM.Collect$$libinit$$00000002  C:\Keil_v5\ARM\ARMCC\Bin\..\lib\armlib\c_w.l(libinit2.o)
    0x00000406   0x00000406   0x00000000   Code   RO         3841    .ARM.Collect$$libinit$$00000004  C:\Keil_v5\ARM\ARMCC\Bin\..\lib\armlib\c_w.l(libinit2.o)
    0x00000406   0x00000406   0x00000008   Code   RO         3842    .ARM.Collect$$libinit$$00000005  C:\Keil_v5\ARM\ARMCC\Bin\..\lib\armlib\c_w.l(libinit2.o)
    0x0000040e   0x0000040e   0x00000000   Code   RO         3844    .ARM.Collect$$libinit$$0000000A  C:\Keil_v5\ARM\ARMCC\Bin\..\lib\armlib\c_w.l(libinit2.o)
    0x0000040e   0x0000040e   0x00000000   Code   RO         3846    .ARM.Collect$$libinit$$0000000C  C:\Keil_v5\ARM\ARMCC\Bin\..\lib\armlib\c_w.l(libinit2.o)
    0x0000040e   0x0000040e   0x00000004   Code   RO         3847    .ARM.Collect$$libinit$$0000000D  C:\Keil_v5\ARM\ARMCC\Bin\..\lib\armlib\c_w.l(libinit2.o)
    0x00000412   0x00000412   0x00000000   Code   RO         3848    .ARM.Collect$$libinit$$0000000E  C:\Keil_v5\ARM\ARMCC\Bin\..\lib\armlib\c_w.l(libinit2.o)
    0x00000412   0x00000412   0x00000006   Code   RO         3849    .ARM.Collect$$libinit$$0000000F  C:\Keil_v5\ARM\ARMCC\Bin\..\lib\armlib\c_w.l(libinit2.o)
    0x00000418   0x00000418   0x00000000   Code   RO         3851    .ARM.Collect$$libinit$$00000011  C:\Keil_v5\ARM\ARMCC\Bin\..\lib\armlib\c_w.l(libinit2.o)
    0x00000418   0x00000418   0x0000000c   Code   RO         3852    .ARM.Collect$$libinit$$00000012  C:\Keil_v5\ARM\ARMCC\Bin\..\lib\armlib\c_w.l(libinit2.o)
    0x00000424   0x00000424   0x00000000   Code   RO         3853    .ARM.Collect$$libinit$$00000013  C:\Keil_v5\ARM\ARMCC\Bin\..\lib\armlib\c_w.l(libinit2.o)
    0x00000424   0x00000424   0x00000000   Code   RO         3855    .ARM.Collect$$libinit$$00000015  C:\Keil_v5\ARM\ARMCC\Bin\..\lib\armlib\c_w.l(libinit2.o)
    0x00000424   0x00000424   0x0000000a   Code   RO         3856    .ARM.Collect$$libinit$$00000016  C:\Keil_v5\ARM\ARMCC\Bin\..\lib\armlib\c_w.l(libinit2.o)
    0x0000042e   0x0000042e   0x00000000   Code   RO         3857    .ARM.Collect$$libinit$$00000017  C:\Keil_v5\ARM\ARMCC\Bin\..\lib\armlib\c_w.l(libinit2.o)
    0x0000042e   0x0000042e   0x00000000   Code   RO         3859    .ARM.Collect$$libinit$$00000019  C:\Keil_v5\ARM\ARMCC\Bin\..\lib\armlib\c_w.l(libinit2.o)
    0x0000042e   0x0000042e   0x00000000   Code   RO         3861    .ARM.Collect$$libinit$$0000001B  C:\Keil_v5\ARM\ARMCC\Bin\..\lib\armlib\c_w.l(libinit2.o)
    0x0000042e   0x0000042e   0x00000000   Code   RO         3863    .ARM.Collect$$libinit$$0000001D  C:\Keil_v5\ARM\ARMCC\Bin\..\lib\armlib\c_w.l(libinit2.o)
    0x0000042e   0x0000042e   0x00000000   Code   RO         3865    .ARM.Collect$$libinit$$0000001F  C:\Keil_v5\ARM\ARMCC\Bin\..\lib\armlib\c_w.l(libinit2.o)
    0x0000042e   0x0000042e   0x00000000   Code   RO         3867    .ARM.Collect$$libinit$$00000021  C:\Keil_v5\ARM\ARMCC\Bin\..\lib\armlib\c_w.l(libinit2.o)
    0x0000042e   0x0000042e   0x00000000   Code   RO         3869    .ARM.Collect$$libinit$$00000023  C:\Keil_v5\ARM\ARMCC\Bin\..\lib\armlib\c_w.l(libinit2.o)
    0x0000042e   0x0000042e   0x00000004   Code   RO         3870    .ARM.Collect$$libinit$$00000024  C:\Keil_v5\ARM\ARMCC\Bin\..\lib\armlib\c_w.l(libinit2.o)
    0x00000432   0x00000432   0x00000000   Code   RO         3871    .ARM.Collect$$libinit$$00000025  C:\Keil_v5\ARM\ARMCC\Bin\..\lib\armlib\c_w.l(libinit2.o)
    0x00000432   0x00000432   0x00000000   Code   RO         3875    .ARM.Collect$$libinit$$0000002C  C:\Keil_v5\ARM\ARMCC\Bin\..\lib\armlib\c_w.l(libinit2.o)
    0x00000432   0x00000432   0x00000000   Code   RO         3877    .ARM.Collect$$libinit$$0000002E  C:\Keil_v5\ARM\ARMCC\Bin\..\lib\armlib\c_w.l(libinit2.o)
    0x00000432   0x00000432   0x00000000   Code   RO         3879    .ARM.Collect$$libinit$$00000030  C:\Keil_v5\ARM\ARMCC\Bin\..\lib\armlib\c_w.l(libinit2.o)
    0x00000432   0x00000432   0x00000004   Code   RO         3880    .ARM.Collect$$libinit$$00000031  C:\Keil_v5\ARM\ARMCC\Bin\..\lib\armlib\c_w.l(libinit2.o)
    0x00000436   0x00000436   0x00000000   Code   RO         3881    .ARM.Collect$$libinit$$00000032  C:\Keil_v5\ARM\ARMCC\Bin\..\lib\armlib\c_w.l(libinit2.o)
    0x00000436   0x00000436   0x00000002   Code   RO         3882    .ARM.Collect$$libinit$$00000033  C:\Keil_v5\ARM\ARMCC\Bin\..\lib\armlib\c_w.l(libinit2.o)
    0x00000438   0x00000438   0x00000000   Code   RO         3993    .ARM.Collect$$libshutdown$$00000004  C:\Keil_v5\ARM\ARMCC\Bin\..\lib\armlib\c_w.l(libshutdown2.o)
    0x00000438   0x00000438   0x00000130   Code   RO         1170    .emb_text           .\build\hal_cm3.o
    0x00000568   0x00000568   0x00000034   Code   RO         2806    .emb_text           .\build\rtx_conf_cm.o
    0x0000059c   0x0000059c   0x00000034   Code   RO         3511    .emb_text           C:\Keil_v5\ARM\ARMCC\Bin\..\lib\armlib\c_w.l(rand.o)
    0x000005d0   0x000005d0   0x00000000   Code   RO         3927    .emb_text           C:\Keil_v5\ARM\ARMCC\Bin\..\lib\armlib\c_w.l(maybetermalloc1.o)
    0x000005d0   0x000005d0   0x00000024   Code   RO         1089    .text               mbed/TARGET_LPC1768/TOOLCHAIN_ARM_STD/startup_LPC17xx.o
    0x000005f4   0x000005f4   0x00000008   Code   RO         3403    .text               C:\Keil_v5\ARM\ARMCC\Bin\..\lib\armlib\c_w.l(libspace.o)
    0x000005fc   0x000005fc   0x00000004   Code   RO         3411    .text               C:\Keil_v5\ARM\ARMCC\Bin\..\lib\armlib\c_w.l(rt_errno_addr_twolibspace.o)
    0x00000600   0x00000600   0x0000009e   Code   RO         3421    .text               C:\Keil_v5\ARM\ARMCC\Bin\..\lib\armlib\c_w.l(h1_alloc_mt.o)
    0x0000069e   0x0000069e   0x00000076   Code   RO         3423    .text               C:\Keil_v5\ARM\ARMCC\Bin\..\lib\armlib\c_w.l(h1_free_mt.o)
    0x00000714   0x00000714   0x00000034   Code   RO         3477    .text               C:\Keil_v5\ARM\ARMCC\Bin\..\lib\armlib\c_w.l(vsnprintf.o)
    0x00000748   0x00000748   0x00000018   Code   RO         3479    .text               C:\Keil_v5\ARM\ARMCC\Bin\..\lib\armlib\c_w.l(__2printf.o)
    0x00000760   0x00000760   0x00000090   Code   RO         3507    .text               C:\Keil_v5\ARM\ARMCC\Bin\..\lib\armlib\c_w.l(fflush_locked.o)
    0x000007f0   0x000007f0   0x00000144   Code   RO         3509    .text               C:\Keil_v5\ARM\ARMCC\Bin\..\lib\armlib\c_w.l(fopen_locked.o)
    0x00000934   0x00000934   0x0000003c   Code   RO         3512    .text               C:\Keil_v5\ARM\ARMCC\Bin\..\lib\armlib\c_w.l(rand.o)
    0x00000970   0x00000970   0x0000003e   Code   RO         3516    .text               C:\Keil_v5\ARM\ARMCC\Bin\..\lib\armlib\c_w.l(strlen.o)
    0x000009ae   0x000009ae   0x00000096   Code   RO         3518    .text               C:\Keil_v5\ARM\ARMCC\Bin\..\lib\armlib\c_w.l(strncmp.o)
    0x00000a44   0x00000a44   0x00000064   Code   RO         3522    .text               C:\Keil_v5\ARM\ARMCC\Bin\..\lib\armlib\c_w.l(rt_memcpy_w.o)
    0x00000aa8   0x00000aa8   0x0000004e   Code   RO         3526    .text               C:\Keil_v5\ARM\ARMCC\Bin\..\lib\armlib\c_w.l(rt_memclr_w.o)
    0x00000af6   0x00000af6   0x00000002   PAD
    0x00000af8   0x00000af8   0x00000080   Code   RO         3528    .text               C:\Keil_v5\ARM\ARMCC\Bin\..\lib\armlib\c_w.l(strcmpv7m.o)
    0x00000b78   0x00000b78   0x00000006   Code   RO         3530    .text               C:\Keil_v5\ARM\ARMCC\Bin\..\lib\armlib\c_w.l(heapauxi.o)
    0x00000b7e   0x00000b7e   0x00000002   PAD
    0x00000b80   0x00000b80   0x00000024   Code   RO         3538    .text               C:\Keil_v5\ARM\ARMCC\Bin\..\lib\armlib\c_w.l(init_aeabi.o)
    0x00000ba4   0x00000ba4   0x0000000a   Code   RO         3692    .text               C:\Keil_v5\ARM\ARMCC\Bin\..\lib\armlib\c_w.l(rt_heap_descriptor_twolibspace.o)
    0x00000bae   0x00000bae   0x00000004   Code   RO         3694    .text               C:\Keil_v5\ARM\ARMCC\Bin\..\lib\armlib\c_w.l(hguard.o)
    0x00000bb2   0x00000bb2   0x0000008a   Code   RO         3696    .text               C:\Keil_v5\ARM\ARMCC\Bin\..\lib\armlib\c_w.l(init_alloc.o)
    0x00000c3c   0x00000c3c   0x00000012   Code   RO         3702    .text               C:\Keil_v5\ARM\ARMCC\Bin\..\lib\armlib\c_w.l(h1_init_mt.o)
    0x00000c4e   0x00000c4e   0x0000004e   Code   RO         3716    .text               C:\Keil_v5\ARM\ARMCC\Bin\..\lib\armlib\c_w.l(_printf_pad.o)
    0x00000c9c   0x00000c9c   0x00000024   Code   RO         3718    .text               C:\Keil_v5\ARM\ARMCC\Bin\..\lib\armlib\c_w.l(_printf_truncate.o)
    0x00000cc0   0x00000cc0   0x00000052   Code   RO         3720    .text               C:\Keil_v5\ARM\ARMCC\Bin\..\lib\armlib\c_w.l(_printf_str.o)
    0x00000d12   0x00000d12   0x00000002   PAD
    0x00000d14   0x00000d14   0x00000078   Code   RO         3722    .text               C:\Keil_v5\ARM\ARMCC\Bin\..\lib\armlib\c_w.l(_printf_dec.o)
    0x00000d8c   0x00000d8c   0x00000028   Code   RO         3724    .text               C:\Keil_v5\ARM\ARMCC\Bin\..\lib\armlib\c_w.l(_printf_charcount.o)
    0x00000db4   0x00000db4   0x00000030   Code   RO         3726    .text               C:\Keil_v5\ARM\ARMCC\Bin\..\lib\armlib\c_w.l(_printf_char_common.o)
    0x00000de4   0x00000de4   0x0000000a   Code   RO         3728    .text               C:\Keil_v5\ARM\ARMCC\Bin\..\lib\armlib\c_w.l(_sputc.o)
    0x00000dee   0x00000dee   0x00000010   Code   RO         3730    .text               C:\Keil_v5\ARM\ARMCC\Bin\..\lib\armlib\c_w.l(_snputc.o)
    0x00000dfe   0x00000dfe   0x00000002   PAD
    0x00000e00   0x00000e00   0x000000bc   Code   RO         3734    .text               C:\Keil_v5\ARM\ARMCC\Bin\..\lib\armlib\c_w.l(_printf_wctomb.o)
    0x00000ebc   0x00000ebc   0x0000007c   Code   RO         3737    .text               C:\Keil_v5\ARM\ARMCC\Bin\..\lib\armlib\c_w.l(_printf_longlong_dec.o)
    0x00000f38   0x00000f38   0x00000070   Code   RO         3743    .text               C:\Keil_v5\ARM\ARMCC\Bin\..\lib\armlib\c_w.l(_printf_oct_int_ll.o)
    0x00000fa8   0x00000fa8   0x00000094   Code   RO         3763    .text               C:\Keil_v5\ARM\ARMCC\Bin\..\lib\armlib\c_w.l(_printf_hex_int_ll_ptr.o)
    0x0000103c   0x0000103c   0x00000188   Code   RO         3783    .text               C:\Keil_v5\ARM\ARMCC\Bin\..\lib\armlib\c_w.l(__printf_flags_ss_wp.o)
    0x000011c4   0x000011c4   0x000000f8   Code   RO         3819    .text               C:\Keil_v5\ARM\ARMCC\Bin\..\lib\armlib\c_w.l(fseek.o)
    0x000012bc   0x000012bc   0x000000f0   Code   RO         3823    .text               C:\Keil_v5\ARM\ARMCC\Bin\..\lib\armlib\c_w.l(stdio.o)
    0x000013ac   0x000013ac   0x0000004c   Code   RO         3828    .text               C:\Keil_v5\ARM\ARMCC\Bin\..\lib\armlib\c_w.l(fclose.o)
    0x000013f8   0x000013f8   0x00000068   Code   RO         3832    .text               C:\Keil_v5\ARM\ARMCC\Bin\..\lib\armlib\c_w.l(setvbuf_locked.o)
    0x00001460   0x00001460   0x000001c8   Code   RO         3834    .text               C:\Keil_v5\ARM\ARMCC\Bin\..\lib\armlib\c_w.l(initio_locked.o)
    0x00001628   0x00001628   0x0000003e   Code   RO         3931    .text               C:\Keil_v5\ARM\ARMCC\Bin\..\lib\armlib\c_w.l(h1_extend_mt.o)
    0x00001666   0x00001666   0x0000008a   Code   RO         3933    .text               C:\Keil_v5\ARM\ARMCC\Bin\..\lib\armlib\c_w.l(lludiv10.o)
    0x000016f0   0x000016f0   0x000000b2   Code   RO         3937    .text               C:\Keil_v5\ARM\ARMCC\Bin\..\lib\armlib\c_w.l(_printf_intcommon.o)
    0x000017a2   0x000017a2   0x0000041e   Code   RO         3939    .text               C:\Keil_v5\ARM\ARMCC\Bin\..\lib\armlib\c_w.l(_printf_fp_dec.o)
    0x00001bc0   0x00001bc0   0x000002fc   Code   RO         3941    .text               C:\Keil_v5\ARM\ARMCC\Bin\..\lib\armlib\c_w.l(_printf_fp_hex.o)
    0x00001ebc   0x00001ebc   0x0000002c   Code   RO         3946    .text               C:\Keil_v5\ARM\ARMCC\Bin\..\lib\armlib\c_w.l(_printf_char.o)
    0x00001ee8   0x00001ee8   0x0000002c   Code   RO         3948    .text               C:\Keil_v5\ARM\ARMCC\Bin\..\lib\armlib\c_w.l(_printf_wchar.o)
    0x00001f14   0x00001f14   0x00000042   Code   RO         3957    .text               C:\Keil_v5\ARM\ARMCC\Bin\..\lib\armlib\c_w.l(ftell.o)
    0x00001f56   0x00001f56   0x00000040   Code   RO         3975    .text               C:\Keil_v5\ARM\ARMCC\Bin\..\lib\armlib\c_w.l(_wcrtomb.o)
    0x00001f96   0x00001f96   0x0000000e   Code   RO         3977    .text               C:\Keil_v5\ARM\ARMCC\Bin\..\lib\armlib\c_w.l(defsig_rtred_outer.o)
    0x00001fa4   0x00001fa4   0x0000000e   Code   RO         3981    .text               C:\Keil_v5\ARM\ARMCC\Bin\..\lib\armlib\c_w.l(defsig_rtmem_outer.o)
    0x00001fb2   0x00001fb2   0x00000002   PAD
    0x00001fb4   0x00001fb4   0x00000010   Code   RO         4023    .text               C:\Keil_v5\ARM\ARMCC\Bin\..\lib\armlib\c_w.l(rt_ctype_table.o)
    0x00001fc4   0x00001fc4   0x0000000a   Code   RO         4032    .text               C:\Keil_v5\ARM\ARMCC\Bin\..\lib\armlib\c_w.l(rt_locale_twolibspace.o)
    0x00001fce   0x00001fce   0x00000002   PAD
    0x00001fd0   0x00001fd0   0x00000080   Code   RO         4043    .text               C:\Keil_v5\ARM\ARMCC\Bin\..\lib\armlib\c_w.l(_printf_fp_infnan.o)
    0x00002050   0x00002050   0x000000e4   Code   RO         4045    .text               C:\Keil_v5\ARM\ARMCC\Bin\..\lib\armlib\c_w.l(bigflt0.o)
    0x00002134   0x00002134   0x000001d6   Code   RO         4070    .text               C:\Keil_v5\ARM\ARMCC\Bin\..\lib\armlib\c_w.l(flsbuf.o)
    0x0000230a   0x0000230a   0x0000000a   Code   RO         4077    .text               C:\Keil_v5\ARM\ARMCC\Bin\..\lib\armlib\c_w.l(defsig_exit.o)
    0x00002314   0x00002314   0x00000034   Code   RO         4083    .text               C:\Keil_v5\ARM\ARMCC\Bin\..\lib\armlib\c_w.l(defsig_rtred_inner.o)
    0x00002348   0x00002348   0x00000050   Code   RO         4085    .text               C:\Keil_v5\ARM\ARMCC\Bin\..\lib\armlib\c_w.l(defsig_rtmem_inner.o)
    0x00002398   0x00002398   0x0000000c   Code   RO         4102    .text               C:\Keil_v5\ARM\ARMCC\Bin\..\lib\armlib\c_w.l(sys_exit.o)
    0x000023a4   0x000023a4   0x00000040   Code   RO         4108    .text               C:\Keil_v5\ARM\ARMCC\Bin\..\lib\armlib\c_w.l(_printf_char_file_locked.o)
    0x000023e4   0x000023e4   0x00000032   Code   RO         4119    .text               C:\Keil_v5\ARM\ARMCC\Bin\..\lib\armlib\c_w.l(defsig_general.o)
    0x00002416   0x00002416   0x0000000e   Code   RO         4129    .text               C:\Keil_v5\ARM\ARMCC\Bin\..\lib\armlib\c_w.l(sys_wrch.o)
    0x00002424   0x00002424   0x00000002   Code   RO         4131    .text               C:\Keil_v5\ARM\ARMCC\Bin\..\lib\armlib\c_w.l(use_no_semi.o)
    0x00002426   0x00002426   0x00000000   Code   RO         4133    .text               C:\Keil_v5\ARM\ARMCC\Bin\..\lib\armlib\c_w.l(indicate_semi.o)
    0x00002426   0x00002426   0x0000003e   Code   RO         4048    CL$$btod_d2e        C:\Keil_v5\ARM\ARMCC\Bin\..\lib\armlib\c_w.l(btod.o)
    0x00002464   0x00002464   0x00000046   Code   RO         4050    CL$$btod_d2e_denorm_low  C:\Keil_v5\ARM\ARMCC\Bin\..\lib\armlib\c_w.l(btod.o)
    0x000024aa   0x000024aa   0x00000060   Code   RO         4049    CL$$btod_d2e_norm_op1  C:\Keil_v5\ARM\ARMCC\Bin\..\lib\armlib\c_w.l(btod.o)
    0x0000250a   0x0000250a   0x00000338   Code   RO         4058    CL$$btod_div_common  C:\Keil_v5\ARM\ARMCC\Bin\..\lib\armlib\c_w.l(btod.o)
    0x00002842   0x00002842   0x000000dc   Code   RO         4055    CL$$btod_e2e        C:\Keil_v5\ARM\ARMCC\Bin\..\lib\armlib\c_w.l(btod.o)
    0x0000291e   0x0000291e   0x0000002a   Code   RO         4052    CL$$btod_ediv       C:\Keil_v5\ARM\ARMCC\Bin\..\lib\armlib\c_w.l(btod.o)
    0x00002948   0x00002948   0x0000002a   Code   RO         4051    CL$$btod_emul       C:\Keil_v5\ARM\ARMCC\Bin\..\lib\armlib\c_w.l(btod.o)
    0x00002972   0x00002972   0x00000244   Code   RO         4057    CL$$btod_mult_common  C:\Keil_v5\ARM\ARMCC\Bin\..\lib\armlib\c_w.l(btod.o)
    0x00002bb6   0x00002bb6   0x00000002   PAD
    0x00002bb8   0x00002bb8   0x00000004   Code   RO         2930    SVC_TABLE           .\build\svc_table.o
    0x00002bbc   0x00002bbc   0x0000000e   Code   RO          909    i.$Sub$$main        mbed/TARGET_LPC1768/TOOLCHAIN_ARM_STD/mbed_sdk_boot.o
    0x00002bca   0x00002bca   0x00000002   PAD
    0x00002bcc   0x00002bcc   0x000000a0   Code   RO         1095    i.SystemInit        mbed/TARGET_LPC1768/TOOLCHAIN_ARM_STD/system_LPC17xx.o
    0x00002c6c   0x00002c6c   0x00000054   Code   RO            4    i._Z11pace_threadv  .\build\main.o
    0x00002cc0   0x00002cc0   0x00000054   Code   RO            5    i._Z12sense_threadv  .\build\main.o
    0x00002d14   0x00002d14   0x00000088   Code   RO           82    i._ZN4mbed10DigitalOut5writeEi  .\build\main.o
    0x00002d9c   0x00002d9c   0x0000001a   Code   RO           76    i._ZN4mbed10DigitalOutC1E7PinName  .\build\main.o
    0x00002db6   0x00002db6   0x00000012   Code   RO           64    i._ZN4mbed10DigitalOutaSEi  .\build\main.o
    0x00002dc8   0x00002dc8   0x00000088   Code   RO           46    i._ZN4mbed10DigitalOutcviEv  .\build\main.o
    0x00002e50   0x00002e50   0x00000004   Code   RO         3367    i._ZN4mbed8FileBase11getPathTypeEv  mbed/TARGET_LPC1768/TOOLCHAIN_ARM_STD/mbed.ar(FileBase.o)
    0x00002e54   0x00002e54   0x0000006c   Code   RO         3369    i._ZN4mbed8FileBase6lookupEPKcj  mbed/TARGET_LPC1768/TOOLCHAIN_ARM_STD/mbed.ar(FileBase.o)
    0x00002ec0   0x00002ec0   0x0000001e   Code   RO         3203    i._ZN4mbed8FilePath10fileSystemEv  mbed/TARGET_LPC1768/TOOLCHAIN_ARM_STD/mbed.ar(FilePath.o)
    0x00002ede   0x00002ede   0x0000001c   Code   RO         3205    i._ZN4mbed8FilePath4fileEv  mbed/TARGET_LPC1768/TOOLCHAIN_ARM_STD/mbed.ar(FilePath.o)
    0x00002efa   0x00002efa   0x0000000a   Code   RO         3206    i._ZN4mbed8FilePath6existsEv  mbed/TARGET_LPC1768/TOOLCHAIN_ARM_STD/mbed.ar(FilePath.o)
    0x00002f04   0x00002f04   0x00000018   Code   RO         3207    i._ZN4mbed8FilePath6isFileEv  mbed/TARGET_LPC1768/TOOLCHAIN_ARM_STD/mbed.ar(FilePath.o)
    0x00002f1c   0x00002f1c   0x00000004   Code   RO         3208    i._ZN4mbed8FilePath8fileNameEv  mbed/TARGET_LPC1768/TOOLCHAIN_ARM_STD/mbed.ar(FilePath.o)
    0x00002f20   0x00002f20   0x00000040   Code   RO         3209    i._ZN4mbed8FilePathC1EPKc  mbed/TARGET_LPC1768/TOOLCHAIN_ARM_STD/mbed.ar(FilePath.o)
    0x00002f60   0x00002f60   0x00000010   Code   RO         1191    i._ZN4rtos5Mutex4lockEj  .\build\mutex.o
    0x00002f70   0x00002f70   0x0000000c   Code   RO         1192    i._ZN4rtos5Mutex6unlockEv  .\build\mutex.o
    0x00002f7c   0x00002f7c   0x00000054   Code   RO         1194    i._ZN4rtos5MutexC1Ev  .\build\mutex.o
    0x00002fd0   0x00002fd0   0x0000000e   Code   RO         1195    i._ZN4rtos5MutexD1Ev  .\build\mutex.o
    0x00002fde   0x00002fde   0x0000001a   Code   RO         2941    i._ZN4rtos6Thread11constructorE10osPriorityjPh  .\build\thread.o
    0x00002ff8   0x00002ff8   0x0000000c   Code   RO         2949    i._ZN4rtos6Thread4waitEj  .\build\thread.o
    0x00003004   0x00003004   0x0000010c   Code   RO         2950    i._ZN4rtos6Thread5startEN4mbed8CallbackIFvvEEE  .\build\thread.o
    0x00003110   0x00003110   0x00000054   Code   RO         2952    i._ZN4rtos6Thread6_thunkEPKv  .\build\thread.o
    0x00003164   0x00003164   0x00000032   Code   RO         2956    i._ZN4rtos6Thread9terminateEv  .\build\thread.o
    0x00003196   0x00003196   0x00000002   PAD
    0x00003198   0x00003198   0x0000004c   Code   RO           58    i._ZN4rtos6ThreadC1E10osPriorityjPh  .\build\main.o
    0x000031e4   0x000031e4   0x00000048   Code   RO         2958    i._ZN4rtos6ThreadD1Ev  .\build\thread.o
    0x0000322c   0x0000322c   0x00000010   Code   RO         2897    i._ZN4rtos9Semaphore4waitEj  .\build\semaphore.o
    0x0000323c   0x0000323c   0x0000000c   Code   RO         2898    i._ZN4rtos9Semaphore7releaseEv  .\build\semaphore.o
    0x00003248   0x00003248   0x00000020   Code   RO         2899    i._ZN4rtos9SemaphoreC1Ei  .\build\semaphore.o
    0x00003268   0x00003268   0x0000000e   Code   RO         2900    i._ZN4rtos9SemaphoreD1Ev  .\build\semaphore.o
    0x00003276   0x00003276   0x0000000a   Code   RO          765    i._ZdaPv            mbed/TARGET_LPC1768/TOOLCHAIN_ARM_STD/mbed_retarget.o
    0x00003280   0x00003280   0x00000034   Code   RO          767    i._Znaj             mbed/TARGET_LPC1768/TOOLCHAIN_ARM_STD/mbed_retarget.o
    0x000032b4   0x000032b4   0x00000028   Code   RO         4100    i.__ARM_fpclassify  C:\Keil_v5\ARM\ARMCC\Bin\..\lib\armlib\m_ws.l(fpclassify.o)
    0x000032dc   0x000032dc   0x00000004   Code   RO          771    i.__aeabi_atexit    mbed/TARGET_LPC1768/TOOLCHAIN_ARM_STD/mbed_retarget.o
    0x000032e0   0x000032e0   0x00000006   Code   RO         1250    i.__get_CONTROL     .\build\rt_cmsis.o
    0x000032e6   0x000032e6   0x00000006   Code   RO         1251    i.__get_IPSR        .\build\rt_cmsis.o
    0x000032ec   0x000032ec   0x00000006   Code   RO         1252    i.__get_PRIMASK     .\build\rt_cmsis.o
    0x000032f2   0x000032f2   0x00000002   PAD
    0x000032f4   0x000032f4   0x00000094   Code   RO            6    i.__sti___8_main_cpp_pace  .\build\main.o
    0x00003388   0x00003388   0x0000002c   Code   RO         2807    i.__user_perthread_libspace  .\build\rtx_conf_cm.o
    0x000033b4   0x000033b4   0x00000008   Code   RO          774    i.__user_setup_stackheap  mbed/TARGET_LPC1768/TOOLCHAIN_ARM_STD/mbed_retarget.o
    0x000033bc   0x000033bc   0x00000058   Code   RO         2088    i._init_box         .\build\rt_membox.o
    0x00003414   0x00003414   0x0000000e   Code   RO         3776    i._is_digit         C:\Keil_v5\ARM\ARMCC\Bin\..\lib\armlib\c_w.l(__printf_wp.o)
    0x00003422   0x00003422   0x00000002   PAD
    0x00003424   0x00003424   0x00000010   Code   RO          775    i._mbed_user_setup_stackheap  mbed/TARGET_LPC1768/TOOLCHAIN_ARM_STD/mbed_retarget.o
    0x00003434   0x00003434   0x00000020   Code   RO         2808    i._mutex_acquire    .\build\rtx_conf_cm.o
    0x00003454   0x00003454   0x0000004c   Code   RO         2809    i._mutex_initialize  .\build\rtx_conf_cm.o
    0x000034a0   0x000034a0   0x0000001c   Code   RO         2810    i._mutex_release    .\build\rtx_conf_cm.o
    0x000034bc   0x000034bc   0x0000001c   Code   RO          910    i._platform_post_stackheap_init  mbed/TARGET_LPC1768/TOOLCHAIN_ARM_STD/mbed_sdk_boot.o
    0x000034d8   0x000034d8   0x0000004c   Code   RO          776    i._sys_close        mbed/TARGET_LPC1768/TOOLCHAIN_ARM_STD/mbed_retarget.o
    0x00003524   0x00003524   0x0000004c   Code   RO          779    i._sys_flen         mbed/TARGET_LPC1768/TOOLCHAIN_ARM_STD/mbed_retarget.o
    0x00003570   0x00003570   0x00000040   Code   RO          780    i._sys_istty        mbed/TARGET_LPC1768/TOOLCHAIN_ARM_STD/mbed_retarget.o
    0x000035b0   0x000035b0   0x00000208   Code   RO          781    i._sys_open         mbed/TARGET_LPC1768/TOOLCHAIN_ARM_STD/mbed_retarget.o
    0x000037b8   0x000037b8   0x00000050   Code   RO          783    i._sys_seek         mbed/TARGET_LPC1768/TOOLCHAIN_ARM_STD/mbed_retarget.o
    0x00003808   0x00003808   0x00000080   Code   RO          784    i._sys_write        mbed/TARGET_LPC1768/TOOLCHAIN_ARM_STD/mbed_retarget.o
    0x00003888   0x00003888   0x000000c8   Code   RO         3267    i.core_util_critical_section_enter  mbed/TARGET_LPC1768/TOOLCHAIN_ARM_STD/mbed.ar(mbed_critical.o)
    0x00003950   0x00003950   0x00000094   Code   RO         3268    i.core_util_critical_section_exit  mbed/TARGET_LPC1768/TOOLCHAIN_ARM_STD/mbed.ar(mbed_critical.o)
    0x000039e4   0x000039e4   0x00000002   Code   RO         2471    i.default_idle_hook  .\build\rtos_idle.o
    0x000039e6   0x000039e6   0x00000002   PAD
    0x000039e8   0x000039e8   0x00000028   Code   RO         3245    i.error             mbed/TARGET_LPC1768/TOOLCHAIN_ARM_STD/mbed.ar(mbed_error.o)
    0x00003a10   0x00003a10   0x0000002c   Code   RO          787    i.exit              mbed/TARGET_LPC1768/TOOLCHAIN_ARM_STD/mbed_retarget.o
    0x00003a3c   0x00003a3c   0x0000001a   Code   RO         3954    i.fputc             C:\Keil_v5\ARM\ARMCC\Bin\..\lib\armlib\c_w.l(fputc.o)
    0x00003a56   0x00003a56   0x00000002   PAD
    0x00003a58   0x00003a58   0x00000008   Code   RO         3164    i.get_us_ticker_data  mbed/TARGET_LPC1768/TOOLCHAIN_ARM_STD/mbed.ar(mbed_us_ticker_api.o)
    0x00003a60   0x00003a60   0x00000054   Code   RO          676    i.gpio_dir          mbed/TARGET_LPC1768/TOOLCHAIN_ARM_STD/gpio_api.o
    0x00003ab4   0x00003ab4   0x0000003a   Code   RO          677    i.gpio_init         mbed/TARGET_LPC1768/TOOLCHAIN_ARM_STD/gpio_api.o
    0x00003aee   0x00003aee   0x00000028   Code   RO         3129    i.gpio_init_in      mbed/TARGET_LPC1768/TOOLCHAIN_ARM_STD/mbed.ar(mbed_gpio.o)
    0x00003b16   0x00003b16   0x00000002   PAD
    0x00003b18   0x00003b18   0x00000048   Code   RO         3132    i.gpio_init_out     mbed/TARGET_LPC1768/TOOLCHAIN_ARM_STD/mbed.ar(mbed_gpio.o)
    0x00003b60   0x00003b60   0x00000068   Code   RO         3133    i.gpio_init_out_ex  mbed/TARGET_LPC1768/TOOLCHAIN_ARM_STD/mbed.ar(mbed_gpio.o)
    0x00003bc8   0x00003bc8   0x00000006   Code   RO          678    i.gpio_mode         mbed/TARGET_LPC1768/TOOLCHAIN_ARM_STD/gpio_api.o
    0x00003bce   0x00003bce   0x00000048   Code   RO         1257    i.isrMessageGet     .\build\rt_cmsis.o
    0x00003c16   0x00003c16   0x00000032   Code   RO         1258    i.isrMessagePut     .\build\rt_cmsis.o
    0x00003c48   0x00003c48   0x00000034   Code   RO         1259    i.isrSemaphoreRelease  .\build\rt_cmsis.o
    0x00003c7c   0x00003c7c   0x0000005e   Code   RO         2039    i.isr_mbx_receive   .\build\rt_mailbox.o
    0x00003cda   0x00003cda   0x00000016   Code   RO         2040    i.isr_mbx_send      .\build\rt_mailbox.o
    0x00003cf0   0x00003cf0   0x00000014   Code   RO         2210    i.isr_sem_send      .\build\rt_semaphore.o
    0x00003d04   0x00003d04   0x00000064   Code   RO            7    i.main              .\build\main.o
    0x00003d68   0x00003d68   0x00000054   Code   RO         3230    i.mbed_assert_internal  mbed/TARGET_LPC1768/TOOLCHAIN_ARM_STD/mbed.ar(mbed_assert.o)
    0x00003dbc   0x00003dbc   0x000000bc   Code   RO          747    i.mbed_die          mbed/TARGET_LPC1768/TOOLCHAIN_ARM_STD/mbed_board.o
    0x00003e78   0x00003e78   0x00000058   Code   RO          748    i.mbed_error_printf  mbed/TARGET_LPC1768/TOOLCHAIN_ARM_STD/mbed_board.o
    0x00003ed0   0x00003ed0   0x00000054   Code   RO          749    i.mbed_error_vfprintf  mbed/TARGET_LPC1768/TOOLCHAIN_ARM_STD/mbed_board.o
    0x00003f24   0x00003f24   0x00000004   Code   RO         3293    i.mbed_interface_connected  mbed/TARGET_LPC1768/TOOLCHAIN_ARM_STD/mbed.ar(mbed_interface.o)
    0x00003f28   0x00003f28   0x00000002   Code   RO          912    i.mbed_main         mbed/TARGET_LPC1768/TOOLCHAIN_ARM_STD/mbed_sdk_boot.o
    0x00003f2a   0x00003f2a   0x00000002   Code   RO          913    i.mbed_sdk_init     mbed/TARGET_LPC1768/TOOLCHAIN_ARM_STD/mbed_sdk_boot.o
    0x00003f2c   0x00003f2c   0x00000028   Code   RO         1261    i.osDelay           .\build\rt_cmsis.o
    0x00003f54   0x00003f54   0x00000034   Code   RO         1262    i.osKernelInitialize  .\build\rt_cmsis.o
    0x00003f88   0x00003f88   0x00000034   Code   RO         1263    i.osKernelRunning   .\build\rt_cmsis.o
    0x00003fbc   0x00003fbc   0x000000f4   Code   RO         1264    i.osKernelStart     .\build\rt_cmsis.o
    0x000040b0   0x000040b0   0x00000040   Code   RO         1273    i.osMessageGet      .\build\rt_cmsis.o
    0x000040f0   0x000040f0   0x00000044   Code   RO         1275    i.osMutexCreate     .\build\rt_cmsis.o
    0x00004134   0x00004134   0x00000028   Code   RO         1276    i.osMutexDelete     .\build\rt_cmsis.o
    0x0000415c   0x0000415c   0x00000028   Code   RO         1277    i.osMutexRelease    .\build\rt_cmsis.o
    0x00004184   0x00004184   0x0000002c   Code   RO         1278    i.osMutexWait       .\build\rt_cmsis.o
    0x000041b0   0x000041b0   0x00000048   Code   RO         1283    i.osSemaphoreCreate  .\build\rt_cmsis.o
    0x000041f8   0x000041f8   0x00000028   Code   RO         1284    i.osSemaphoreDelete  .\build\rt_cmsis.o
    0x00004220   0x00004220   0x0000002c   Code   RO         1285    i.osSemaphoreRelease  .\build\rt_cmsis.o
    0x0000424c   0x0000424c   0x0000002c   Code   RO         1286    i.osSemaphoreWait   .\build\rt_cmsis.o
    0x00004278   0x00004278   0x0000006c   Code   RO         1290    i.osThreadContextCreate  .\build\rt_cmsis.o
    0x000042e4   0x000042e4   0x00000012   Code   RO         1291    i.osThreadCreate    .\build\rt_cmsis.o
    0x000042f6   0x000042f6   0x00000002   PAD
    0x000042f8   0x000042f8   0x00000038   Code   RO         1292    i.osThreadExit      .\build\rt_cmsis.o
    0x00004330   0x00004330   0x00000048   Code   RO         1297    i.osThreadTerminate  .\build\rt_cmsis.o
    0x00004378   0x00004378   0x00000020   Code   RO         1299    i.osTimerCall       .\build\rt_cmsis.o
    0x00004398   0x00004398   0x00000038   Code   RO         1304    i.osTimerThread     .\build\rt_cmsis.o
    0x000043d0   0x000043d0   0x00000044   Code   RO         2811    i.os_error          .\build\rtx_conf_cm.o
    0x00004414   0x00004414   0x00000008   Code   RO         2812    i.os_idle_demon     .\build\rtx_conf_cm.o
    0x0000441c   0x0000441c   0x00000030   Code   RO         2253    i.os_tick_init      .\build\rt_system.o
    0x0000444c   0x0000444c   0x00000002   Code   RO         2254    i.os_tick_irqack    .\build\rt_system.o
    0x0000444e   0x0000444e   0x00000002   PAD
    0x00004450   0x00004450   0x0000005c   Code   RO          927    i.pin_function      mbed/TARGET_LPC1768/TOOLCHAIN_ARM_STD/pinmap.o
    0x000044ac   0x000044ac   0x00000090   Code   RO          928    i.pin_mode          mbed/TARGET_LPC1768/TOOLCHAIN_ARM_STD/pinmap.o
    0x0000453c   0x0000453c   0x00000022   Code   RO         3147    i.pinmap_find_peripheral  mbed/TARGET_LPC1768/TOOLCHAIN_ARM_STD/mbed.ar(mbed_pinmap_common.o)
    0x0000455e   0x0000455e   0x00000002   PAD
    0x00004560   0x00004560   0x0000003c   Code   RO         3149    i.pinmap_merge      mbed/TARGET_LPC1768/TOOLCHAIN_ARM_STD/mbed.ar(mbed_pinmap_common.o)
    0x0000459c   0x0000459c   0x0000005c   Code   RO         3150    i.pinmap_peripheral  mbed/TARGET_LPC1768/TOOLCHAIN_ARM_STD/mbed.ar(mbed_pinmap_common.o)
    0x000045f8   0x000045f8   0x00000058   Code   RO         3151    i.pinmap_pinout     mbed/TARGET_LPC1768/TOOLCHAIN_ARM_STD/mbed.ar(mbed_pinmap_common.o)
    0x00004650   0x00004650   0x00000024   Code   RO         2813    i.pre_main          .\build\rtx_conf_cm.o
    0x00004674   0x00004674   0x0000001e   Code   RO         2089    i.rt_alloc_box      .\build\rt_membox.o
    0x00004692   0x00004692   0x00000002   PAD
    0x00004694   0x00004694   0x00000038   Code   RO         2345    i.rt_block          .\build\rt_task.o
    0x000046cc   0x000046cc   0x00000058   Code   RO         2189    i.rt_chk_robin      .\build\rt_robin.o
    0x00004724   0x00004724   0x00000090   Code   RO         1963    i.rt_dec_dly        .\build\rt_list.o
    0x000047b4   0x000047b4   0x00000050   Code   RO         2346    i.rt_dispatch       .\build\rt_task.o
    0x00004804   0x00004804   0x0000000e   Code   RO         2432    i.rt_dly_wait       .\build\rt_time.o
    0x00004812   0x00004812   0x00000002   PAD
    0x00004814   0x00004814   0x0000005c   Code   RO         1924    i.rt_evt_psh        .\build\rt_event.o
    0x00004870   0x00004870   0x0000003e   Code   RO         2090    i.rt_free_box       .\build\rt_membox.o
    0x000048ae   0x000048ae   0x00000002   PAD
    0x000048b0   0x000048b0   0x00000028   Code   RO         2347    i.rt_get_TID        .\build\rt_task.o
    0x000048d8   0x000048d8   0x00000032   Code   RO         1964    i.rt_get_first      .\build\rt_list.o
    0x0000490a   0x0000490a   0x00000010   Code   RO         1309    i.rt_id2obj         .\build\rt_cmsis.o
    0x0000491a   0x0000491a   0x00000002   PAD
    0x0000491c   0x0000491c   0x00000048   Code   RO         2348    i.rt_init_context   .\build\rt_task.o
    0x00004964   0x00004964   0x00000018   Code   RO         2190    i.rt_init_robin     .\build\rt_robin.o
    0x0000497c   0x0000497c   0x00000094   Code   RO         1121    i.rt_init_stack     .\build\hal_cm.o
    0x00004a10   0x00004a10   0x0000000c   Code   RO         2041    i.rt_mbx_check      .\build\rt_mailbox.o
    0x00004a1c   0x00004a1c   0x00000022   Code   RO         2042    i.rt_mbx_init       .\build\rt_mailbox.o
    0x00004a3e   0x00004a3e   0x00000002   PAD
    0x00004a40   0x00004a40   0x00000120   Code   RO         2043    i.rt_mbx_psh        .\build\rt_mailbox.o
    0x00004b60   0x00004b60   0x000000d8   Code   RO         2045    i.rt_mbx_wait       .\build\rt_mailbox.o
    0x00004c38   0x00004c38   0x0000004c   Code   RO         1310    i.rt_ms2tick        .\build\rt_cmsis.o
    0x00004c84   0x00004c84   0x000000d0   Code   RO         2141    i.rt_mut_delete     .\build\rt_mutex.o
    0x00004d54   0x00004d54   0x00000012   Code   RO         2142    i.rt_mut_init       .\build\rt_mutex.o
    0x00004d66   0x00004d66   0x00000002   PAD
    0x00004d68   0x00004d68   0x0000011c   Code   RO         2143    i.rt_mut_release    .\build\rt_mutex.o
    0x00004e84   0x00004e84   0x00000090   Code   RO         2144    i.rt_mut_wait       .\build\rt_mutex.o
    0x00004f14   0x00004f14   0x000000a8   Code   RO         2257    i.rt_pop_req        .\build\rt_system.o
    0x00004fbc   0x00004fbc   0x00000024   Code   RO         2258    i.rt_psh_req        .\build\rt_system.o
    0x00004fe0   0x00004fe0   0x0000007c   Code   RO         1966    i.rt_psq_enq        .\build\rt_list.o
    0x0000505c   0x0000505c   0x0000005c   Code   RO         1967    i.rt_put_dly        .\build\rt_list.o
    0x000050b8   0x000050b8   0x00000040   Code   RO         1968    i.rt_put_prio       .\build\rt_list.o
    0x000050f8   0x000050f8   0x00000014   Code   RO         1969    i.rt_put_rdy_first  .\build\rt_list.o
    0x0000510c   0x0000510c   0x00000034   Code   RO         1970    i.rt_resort_prio    .\build\rt_list.o
    0x00005140   0x00005140   0x0000000c   Code   RO         1122    i.rt_ret_val        .\build\hal_cm.o
    0x0000514c   0x0000514c   0x00000010   Code   RO         1123    i.rt_ret_val2       .\build\hal_cm.o
    0x0000515c   0x0000515c   0x00000028   Code   RO         1971    i.rt_rmv_dly        .\build\rt_list.o
    0x00005184   0x00005184   0x00000034   Code   RO         1972    i.rt_rmv_list       .\build\rt_list.o
    0x000051b8   0x000051b8   0x0000006c   Code   RO         2211    i.rt_sem_delete     .\build\rt_semaphore.o
    0x00005224   0x00005224   0x00000010   Code   RO         2212    i.rt_sem_init       .\build\rt_semaphore.o
    0x00005234   0x00005234   0x00000038   Code   RO         2213    i.rt_sem_psh        .\build\rt_semaphore.o
    0x0000526c   0x0000526c   0x00000032   Code   RO         2214    i.rt_sem_send       .\build\rt_semaphore.o
    0x0000529e   0x0000529e   0x00000002   PAD
    0x000052a0   0x000052a0   0x00000050   Code   RO         2215    i.rt_sem_wait       .\build\rt_semaphore.o
    0x000052f0   0x000052f0   0x0000003c   Code   RO         2260    i.rt_stk_check      .\build\rt_system.o
    0x0000532c   0x0000532c   0x00000030   Code   RO         2349    i.rt_switch_req     .\build\rt_task.o
    0x0000535c   0x0000535c   0x000000d8   Code   RO         2350    i.rt_sys_init       .\build\rt_task.o
    0x00005434   0x00005434   0x00000094   Code   RO         2351    i.rt_sys_start      .\build\rt_task.o
    0x000054c8   0x000054c8   0x00000044   Code   RO         2262    i.rt_systick        .\build\rt_system.o
    0x0000550c   0x0000550c   0x00000020   Code   RO         1311    i.rt_tid2ptcb       .\build\rt_cmsis.o
    0x0000552c   0x0000552c   0x00000040   Code   RO         1312    i.rt_timer_insert   .\build\rt_cmsis.o
    0x0000556c   0x0000556c   0x00000060   Code   RO         2352    i.rt_tsk_create     .\build\rt_task.o
    0x000055cc   0x000055cc   0x00000194   Code   RO         2353    i.rt_tsk_delete     .\build\rt_task.o
    0x00005760   0x00005760   0x0000009c   Code   RO         2355    i.rt_tsk_prio       .\build\rt_task.o
    0x000057fc   0x000057fc   0x00000018   Code   RO         2356    i.rt_tsk_self       .\build\rt_task.o
    0x00005814   0x00005814   0x00000010   Code   RO         2473    i.rtos_idle_loop    .\build\rtos_idle.o
    0x00005824   0x00005824   0x00000066   Code   RO         3177    i.schedule_interrupt  mbed/TARGET_LPC1768/TOOLCHAIN_ARM_STD/mbed.ar(mbed_ticker_api.o)
    0x0000588a   0x0000588a   0x00000002   PAD
    0x0000588c   0x0000588c   0x00000010   Code   RO         3328    i.semihost_connected  mbed/TARGET_LPC1768/TOOLCHAIN_ARM_STD/mbed.ar(mbed_semihost_api.o)
    0x0000589c   0x0000589c   0x0000000c   Code   RO         3331    i.semihost_exit     mbed/TARGET_LPC1768/TOOLCHAIN_ARM_STD/mbed.ar(mbed_semihost_api.o)
    0x000058a8   0x000058a8   0x000001c4   Code   RO         1001    i.serial_baud       mbed/TARGET_LPC1768/TOOLCHAIN_ARM_STD/serial_api.o
    0x00005a6c   0x00005a6c   0x00000180   Code   RO         1008    i.serial_init       mbed/TARGET_LPC1768/TOOLCHAIN_ARM_STD/serial_api.o
    0x00005bec   0x00005bec   0x000000f8   Code   RO         1011    i.serial_irq_set_internal  mbed/TARGET_LPC1768/TOOLCHAIN_ARM_STD/serial_api.o
    0x00005ce4   0x00005ce4   0x00000068   Code   RO         1013    i.serial_putc       mbed/TARGET_LPC1768/TOOLCHAIN_ARM_STD/serial_api.o
    0x00005d4c   0x00005d4c   0x0000010c   Code   RO         1015    i.serial_set_flow_control  mbed/TARGET_LPC1768/TOOLCHAIN_ARM_STD/serial_api.o
    0x00005e58   0x00005e58   0x0000001c   Code   RO         2814    i.set_main_stack    .\build\rtx_conf_cm.o
    0x00005e74   0x00005e74   0x0000001a   Code   RO         1314    i.svcDelay          .\build\rt_cmsis.o
    0x00005e8e   0x00005e8e   0x00000002   PAD
    0x00005e90   0x00005e90   0x00000078   Code   RO         1315    i.svcKernelInitialize  .\build\rt_cmsis.o
    0x00005f08   0x00005f08   0x0000000c   Code   RO         1316    i.svcKernelRunning  .\build\rt_cmsis.o
    0x00005f14   0x00005f14   0x00000060   Code   RO         1317    i.svcKernelStart    .\build\rt_cmsis.o
    0x00005f74   0x00005f74   0x0000003c   Code   RO         1320    i.svcMessageCreate  .\build\rt_cmsis.o
    0x00005fb0   0x00005fb0   0x00000056   Code   RO         1321    i.svcMessageGet     .\build\rt_cmsis.o
    0x00006006   0x00006006   0x00000036   Code   RO         1323    i.svcMutexCreate    .\build\rt_cmsis.o
    0x0000603c   0x0000603c   0x00000026   Code   RO         1324    i.svcMutexDelete    .\build\rt_cmsis.o
    0x00006062   0x00006062   0x00000030   Code   RO         1325    i.svcMutexRelease   .\build\rt_cmsis.o
    0x00006092   0x00006092   0x00000046   Code   RO         1326    i.svcMutexWait      .\build\rt_cmsis.o
    0x000060d8   0x000060d8   0x0000004a   Code   RO         1328    i.svcSemaphoreCreate  .\build\rt_cmsis.o
    0x00006122   0x00006122   0x00000026   Code   RO         1329    i.svcSemaphoreDelete  .\build\rt_cmsis.o
    0x00006148   0x00006148   0x00000034   Code   RO         1330    i.svcSemaphoreRelease  .\build\rt_cmsis.o
    0x0000617c   0x0000617c   0x00000046   Code   RO         1331    i.svcSemaphoreWait  .\build\rt_cmsis.o
    0x000061c2   0x000061c2   0x00000002   PAD
    0x000061c4   0x000061c4   0x000000a0   Code   RO         1335    i.svcThreadCreate   .\build\rt_cmsis.o
    0x00006264   0x00006264   0x0000001c   Code   RO         1336    i.svcThreadGetId    .\build\rt_cmsis.o
    0x00006280   0x00006280   0x00000044   Code   RO         1340    i.svcThreadTerminate  .\build\rt_cmsis.o
    0x000062c4   0x000062c4   0x0000002a   Code   RO         1342    i.svcTimerCall      .\build\rt_cmsis.o
    0x000062ee   0x000062ee   0x00000002   Code   RO         1351    i.sysThreadError    .\build\rt_cmsis.o
    0x000062f0   0x000062f0   0x0000000c   Code   RO         2816    i.sysThreadTerminate  .\build\rtx_conf_cm.o
    0x000062fc   0x000062fc   0x00000058   Code   RO         1352    i.sysTimerTick      .\build\rt_cmsis.o
    0x00006354   0x00006354   0x00000018   Code   RO         2959    i.thread_terminate_hook  .\build\thread.o
    0x0000636c   0x0000636c   0x0000005c   Code   RO         3181    i.ticker_irq_handler  mbed/TARGET_LPC1768/TOOLCHAIN_ARM_STD/mbed.ar(mbed_ticker_api.o)
    0x000063c8   0x000063c8   0x0000003e   Code   RO         3182    i.ticker_read       mbed/TARGET_LPC1768/TOOLCHAIN_ARM_STD/mbed.ar(mbed_ticker_api.o)
    0x00006406   0x00006406   0x00000002   PAD
    0x00006408   0x00006408   0x00000014   Code   RO         1017    i.uart0_irq         mbed/TARGET_LPC1768/TOOLCHAIN_ARM_STD/serial_api.o
    0x0000641c   0x0000641c   0x00000014   Code   RO         1018    i.uart1_irq         mbed/TARGET_LPC1768/TOOLCHAIN_ARM_STD/serial_api.o
    0x00006430   0x00006430   0x00000014   Code   RO         1019    i.uart2_irq         mbed/TARGET_LPC1768/TOOLCHAIN_ARM_STD/serial_api.o
    0x00006444   0x00006444   0x00000014   Code   RO         1020    i.uart3_irq         mbed/TARGET_LPC1768/TOOLCHAIN_ARM_STD/serial_api.o
    0x00006458   0x00006458   0x00000068   Code   RO         1021    i.uart_irq          mbed/TARGET_LPC1768/TOOLCHAIN_ARM_STD/serial_api.o
    0x000064c0   0x000064c0   0x00000028   Code   RO         3186    i.update_present_time  mbed/TARGET_LPC1768/TOOLCHAIN_ARM_STD/mbed.ar(mbed_ticker_api.o)
    0x000064e8   0x000064e8   0x0000000c   Code   RO         1105    i.us_ticker_clear_interrupt  mbed/TARGET_LPC1768/TOOLCHAIN_ARM_STD/us_ticker.o
    0x000064f4   0x000064f4   0x00000010   Code   RO         1106    i.us_ticker_disable_interrupt  mbed/TARGET_LPC1768/TOOLCHAIN_ARM_STD/us_ticker.o
    0x00006504   0x00006504   0x0000000c   Code   RO         1107    i.us_ticker_fire_interrupt  mbed/TARGET_LPC1768/TOOLCHAIN_ARM_STD/us_ticker.o
    0x00006510   0x00006510   0x00000068   Code   RO         1108    i.us_ticker_init    mbed/TARGET_LPC1768/TOOLCHAIN_ARM_STD/us_ticker.o
    0x00006578   0x00006578   0x0000000c   Code   RO         3165    i.us_ticker_irq_handler  mbed/TARGET_LPC1768/TOOLCHAIN_ARM_STD/mbed.ar(mbed_us_ticker_api.o)
    0x00006584   0x00006584   0x00000064   Code   RO         1109    i.us_ticker_read    mbed/TARGET_LPC1768/TOOLCHAIN_ARM_STD/us_ticker.o
    0x000065e8   0x000065e8   0x00000014   Code   RO         1110    i.us_ticker_set_interrupt  mbed/TARGET_LPC1768/TOOLCHAIN_ARM_STD/us_ticker.o
    0x000065fc   0x000065fc   0x00000024   Code   RO         3316    i.wait_ms           mbed/TARGET_LPC1768/TOOLCHAIN_ARM_STD/mbed.ar(mbed_wait_api_no_rtos.o)
    0x00006620   0x00006620   0x0000002c   Code   RO         4073    locale$$code        C:\Keil_v5\ARM\ARMCC\Bin\..\lib\armlib\c_w.l(lc_numeric_c.o)
    0x0000664c   0x0000664c   0x0000002c   Code   RO         4115    locale$$code        C:\Keil_v5\ARM\ARMCC\Bin\..\lib\armlib\c_w.l(lc_ctype_c.o)
    0x00006678   0x00006678   0x0000002c   Code   RO         3394    t._ZN12SingletonPtrI13PlatformMutexEptEv  mbed/TARGET_LPC1768/TOOLCHAIN_ARM_STD/mbed.ar(FileBase.o)
    0x000066a4   0x000066a4   0x0000000a   Code   RO           89    t._ZN4mbed8CallbackIFvvEE13function_callIPS1_EEvPKv  .\build\main.o
    0x000066ae   0x000066ae   0x00000002   Code   RO          101    t._ZN4mbed8CallbackIFvvEE13function_dtorIPS1_EEvPv  .\build\main.o
    0x000066b0   0x000066b0   0x0000000e   Code   RO           95    t._ZN4mbed8CallbackIFvvEE13function_moveIPS1_EEvPvPKv  .\build\main.o
    0x000066be   0x000066be   0x00000002   PAD
    0x000066c0   0x000066c0   0x00000038   Code   RO           52    t._ZN4mbed8CallbackIFvvEEC1EPS1_  .\build\main.o
    0x000066f8   0x000066f8   0x0000001c   Code   RO         3094    t._ZN4mbed8CallbackIFvvEEC1ERKS2_  .\build\thread.o
    0x00006714   0x00006714   0x00000014   Code   RO           70    t._ZN4mbed8CallbackIFvvEED1Ev  .\build\main.o
    0x00006728   0x00006728   0x00000004   Code   RO         3914    x$fpl$printf1       C:\Keil_v5\ARM\ARMCC\Bin\..\lib\armlib\fz_ws.l(printf1.o)
    0x0000672c   0x0000672c   0x00000004   Code   RO         3916    x$fpl$printf2       C:\Keil_v5\ARM\ARMCC\Bin\..\lib\armlib\fz_ws.l(printf2.o)
    0x00006730   0x00006730   0x00000000   Code   RO         3922    x$fpl$usenofp       C:\Keil_v5\ARM\ARMCC\Bin\..\lib\armlib\fz_ws.l(usenofp.o)
    0x00006730   0x00006730   0x00000017   Data   RO          839    .constdata          mbed/TARGET_LPC1768/TOOLCHAIN_ARM_STD/mbed_retarget.o
    0x00006747   0x00006747   0x00000001   PAD
    0x00006748   0x00006748   0x00000120   Data   RO         1023    .constdata          mbed/TARGET_LPC1768/TOOLCHAIN_ARM_STD/serial_api.o
    0x00006868   0x00006868   0x00000004   Data   RO         1356    .constdata          .\build\rt_cmsis.o
    0x0000686c   0x0000686c   0x0000005c   Data   RO         2818    .constdata          .\build\rtx_conf_cm.o
    0x000068c8   0x000068c8   0x00000018   Data   RO         3167    .constdata          mbed/TARGET_LPC1768/TOOLCHAIN_ARM_STD/mbed.ar(mbed_us_ticker_api.o)
    0x000068e0   0x000068e0   0x00000008   Data   RO         3168    .constdata          mbed/TARGET_LPC1768/TOOLCHAIN_ARM_STD/mbed.ar(mbed_us_ticker_api.o)
    0x000068e8   0x000068e8   0x00000008   Data   RO         3735    .constdata          C:\Keil_v5\ARM\ARMCC\Bin\..\lib\armlib\c_w.l(_printf_wctomb.o)
    0x000068f0   0x000068f0   0x00000028   Data   RO         3764    .constdata          C:\Keil_v5\ARM\ARMCC\Bin\..\lib\armlib\c_w.l(_printf_hex_int_ll_ptr.o)
    0x00006918   0x00006918   0x00000011   Data   RO         3784    .constdata          C:\Keil_v5\ARM\ARMCC\Bin\..\lib\armlib\c_w.l(__printf_flags_ss_wp.o)
    0x00006929   0x00006929   0x00000026   Data   RO         3942    .constdata          C:\Keil_v5\ARM\ARMCC\Bin\..\lib\armlib\c_w.l(_printf_fp_hex.o)
    0x0000694f   0x0000694f   0x00000001   PAD
    0x00006950   0x00006950   0x00000094   Data   RO         4046    .constdata          C:\Keil_v5\ARM\ARMCC\Bin\..\lib\armlib\c_w.l(bigflt0.o)
    0x000069e4   0x000069e4   0x00000010   Data   RO         3093    .constdata__ZTVN4rtos6ThreadE  .\build\thread.o
    0x000069f4   0x000069f4   0x00000014   Data   RO          904    .constdata__ZZN12SingletonPtrI13PlatformMutexE3getEvEs  mbed/TARGET_LPC1768/TOOLCHAIN_ARM_STD/mbed_retarget.o
    0x00006a08   0x00006a08   0x00000048   Data   RO          905    .constdata__ZZN12SingletonPtrI13PlatformMutexE3getEvEs_0  mbed/TARGET_LPC1768/TOOLCHAIN_ARM_STD/mbed_retarget.o
    0x00006a50   0x00006a50   0x0000000c   Data   RO           88    .constdata__ZZN4mbed8CallbackIFvvEE8generateIPS1_EEvRKT_E3ops  .\build\main.o
    0x00006a5c   0x00006a5c   0x00000005   Data   RO         2538    .constdata__ZZNK4mbed8CallbackIFvvEE4callEvEs  .\build\rtostimer.o
    0x00006a61   0x00006a61   0x0000001b   Data   RO         2539    .constdata__ZZNK4mbed8CallbackIFvvEE4callEvEs_0  .\build\rtostimer.o
    0x00006a7c   0x00006a7c   0x00000052   Data   RO          680    .conststring        mbed/TARGET_LPC1768/TOOLCHAIN_ARM_STD/gpio_api.o
    0x00006ace   0x00006ace   0x00000002   PAD
    0x00006ad0   0x00006ad0   0x00000067   Data   RO          750    .conststring        mbed/TARGET_LPC1768/TOOLCHAIN_ARM_STD/mbed_board.o
    0x00006b37   0x00006b37   0x00000001   PAD
    0x00006b38   0x00006b38   0x00000050   Data   RO          929    .conststring        mbed/TARGET_LPC1768/TOOLCHAIN_ARM_STD/pinmap.o
    0x00006b88   0x00006b88   0x00000054   Data   RO         1024    .conststring        mbed/TARGET_LPC1768/TOOLCHAIN_ARM_STD/serial_api.o
    0x00006bdc   0x00006bdc   0x00000020   Data   RO         4152    Region$$Table       anon$$obj.o
    0x00006bfc   0x00006bfc   0x0000001c   Data   RO         4072    locale$$data        C:\Keil_v5\ARM\ARMCC\Bin\..\lib\armlib\c_w.l(lc_numeric_c.o)
    0x00006c18   0x00006c18   0x00000110   Data   RO         4114    locale$$data        C:\Keil_v5\ARM\ARMCC\Bin\..\lib\armlib\c_w.l(lc_ctype_c.o)
    0x00006d28   0x00006d28   0x00000004   Data   RO           14    .init_array         .\build\main.o
    0x00006d2c   0x00006d28   0x00000000   Data   RO         3536    .init_array         C:\Keil_v5\ARM\ARMCC\Bin\..\lib\armlib\c_w.l(init_aeabi.o)


    Execution Region RW_IRAM1 (Exec base: 0x100000c8, Load base: 0x00006d2c, Size: 0x00001710, Max: 0x00007f18, ABSOLUTE)

    Exec Addr    Load Addr    Size         Type   Attr      Idx    E Section Name        Object

    0x100000c8   0x00006d2c   0x00000004   Data   RW           13    .data               .\build\main.o
    0x100000cc   0x00006d30   0x00000010   Data   RW          842    .data               mbed/TARGET_LPC1768/TOOLCHAIN_ARM_STD/mbed_retarget.o
    0x100000dc   0x00006d40   0x00000010   Data   RW         1025    .data               mbed/TARGET_LPC1768/TOOLCHAIN_ARM_STD/serial_api.o
    0x100000ec   0x00006d50   0x00000004   Data   RW         1096    .data               mbed/TARGET_LPC1768/TOOLCHAIN_ARM_STD/system_LPC17xx.o
    0x100000f0   0x00006d54   0x00000004   Data   RW         1111    .data               mbed/TARGET_LPC1768/TOOLCHAIN_ARM_STD/us_ticker.o
    0x100000f4   0x00006d58   0x00000010   Data   RW         1357    .data               .\build\rt_cmsis.o
    0x10000104   0x00006d68   0x00000005   Data   RW         2172    .data               .\build\rt_oseventobserver.o
    0x10000109   0x00006d6d   0x00000003   PAD
    0x1000010c   0x00006d70   0x00000008   Data   RW         2191    .data               .\build\rt_robin.o
    0x10000114   0x00006d78   0x00000007   Data   RW         2265    .data               .\build\rt_system.o
    0x1000011b   0x00006d7f   0x00000001   PAD
    0x1000011c   0x00006d80   0x00000008   Data   RW         2358    .data               .\build\rt_task.o
    0x10000124   0x00006d88   0x00000004   Data   RW         2436    .data               .\build\rt_time.o
    0x10000128   0x00006d8c   0x00000004   Data   RW         2474    .data               .\build\rtos_idle.o
    0x1000012c   0x00006d90   0x00000034   Data   RW         2819    .data               .\build\rtx_conf_cm.o
    0x10000160   0x00006dc4   0x00000004   Data   RW         2984    .data               .\build\thread.o
    0x10000164   0x00006dc8   0x00000001   Data   RW         3246    .data               mbed/TARGET_LPC1768/TOOLCHAIN_ARM_STD/mbed.ar(mbed_error.o)
    0x10000165   0x00006dc9   0x00000003   PAD
    0x10000168   0x00006dcc   0x00000008   Data   RW         3270    .data               mbed/TARGET_LPC1768/TOOLCHAIN_ARM_STD/mbed.ar(mbed_critical.o)
    0x10000170   0x00006dd4   0x0000000c   Data   RW         3381    .data               mbed/TARGET_LPC1768/TOOLCHAIN_ARM_STD/mbed.ar(FileBase.o)
    0x1000017c   0x00006de0   0x00000004   Data   RW         3502    .data               C:\Keil_v5\ARM\ARMCC\Bin\..\lib\armlib\c_w.l(stdio_streams.o)
    0x10000180   0x00006de4   0x00000004   Data   RW         3503    .data               C:\Keil_v5\ARM\ARMCC\Bin\..\lib\armlib\c_w.l(stdio_streams.o)
    0x10000184   0x00006de8   0x00000004   Data   RW         3504    .data               C:\Keil_v5\ARM\ARMCC\Bin\..\lib\armlib\c_w.l(stdio_streams.o)
    0x10000188   0x00006dec   0x00000004   Data   RW         3825    .data               C:\Keil_v5\ARM\ARMCC\Bin\..\lib\armlib\c_w.l(streamlock.o)
    0x1000018c        -       0x00000100   Zero   RW           12    .bss                .\build\main.o
    0x1000028c        -       0x00000144   Zero   RW          838    .bss                mbed/TARGET_LPC1768/TOOLCHAIN_ARM_STD/mbed_retarget.o
    0x100003d0        -       0x000000e0   Zero   RW         1022    .bss                mbed/TARGET_LPC1768/TOOLCHAIN_ARM_STD/serial_api.o
    0x100004b0        -       0x00000010   Zero   RW         1355    .bss                .\build\rt_cmsis.o
    0x100004c0        -       0x00000030   Zero   RW         1973    .bss                .\build\rt_list.o
    0x100004f0        -       0x00000040   Zero   RW         2357    .bss                .\build\rt_task.o
    0x10000530        -       0x00001050   Zero   RW         2817    .bss                .\build\rtx_conf_cm.o
    0x10001580        -       0x00000018   Zero   RW         3166    .bss                mbed/TARGET_LPC1768/TOOLCHAIN_ARM_STD/mbed.ar(mbed_us_ticker_api.o)
    0x10001598        -       0x00000060   Zero   RW         3404    .bss                C:\Keil_v5\ARM\ARMCC\Bin\..\lib\armlib\c_w.l(libspace.o)
    0x100015f8        -       0x00000054   Zero   RW         3499    .bss                C:\Keil_v5\ARM\ARMCC\Bin\..\lib\armlib\c_w.l(stdio_streams.o)
    0x1000164c        -       0x00000054   Zero   RW         3500    .bss                C:\Keil_v5\ARM\ARMCC\Bin\..\lib\armlib\c_w.l(stdio_streams.o)
    0x100016a0        -       0x00000054   Zero   RW         3501    .bss                C:\Keil_v5\ARM\ARMCC\Bin\..\lib\armlib\c_w.l(stdio_streams.o)
    0x100016f4        -       0x000000e4   Zero   RW         3513    .bss                C:\Keil_v5\ARM\ARMCC\Bin\..\lib\armlib\c_w.l(rand.o)


    Execution Region RW_IRAM2 (Exec base: 0x2007c000, Load base: 0x00006df0, Size: 0x00000000, Max: 0x00004000, ABSOLUTE)

    **** No section assigned to this execution region ****


    Execution Region RW_IRAM3 (Exec base: 0x20080000, Load base: 0x00006df0, Size: 0x00000000, Max: 0x00004000, ABSOLUTE)

    **** No section assigned to this execution region ****


    Execution Region RW_IRAM4 (Exec base: 0x40038000, Load base: 0x00006df0, Size: 0x00000000, Max: 0x00000800, ABSOLUTE)

    **** No section assigned to this execution region ****


==============================================================================

Image component sizes


      Code (inc. data)   RO Data    RW Data    ZI Data      Debug   Object Name

         0          0          4          0          0          0   mbed/TARGET_LPC1768/TOOLCHAIN_ARM_STD/CRP.o
       148         30         82          0          0        228   mbed/TARGET_LPC1768/TOOLCHAIN_ARM_STD/gpio_api.o
       176          8          0          0          0       9055   .\build\hal_cm.o
       304         36          0          0          0        868   .\build\hal_cm3.o
       910        288         16          4        256      29217   .\build\main.o
       360         58        103          0          0        260   mbed/TARGET_LPC1768/TOOLCHAIN_ARM_STD/mbed_board.o
      1078        128        115         16        324        964   mbed/TARGET_LPC1768/TOOLCHAIN_ARM_STD/mbed_retarget.o
        46          4          0          0          0        292   mbed/TARGET_LPC1768/TOOLCHAIN_ARM_STD/mbed_sdk_boot.o
       126         42          0          0          0       8258   .\build\mutex.o
       236         48         80          0          0        160   mbed/TARGET_LPC1768/TOOLCHAIN_ARM_STD/pinmap.o
      2798        238          4         16         16      46463   .\build\rt_cmsis.o
        92          4          0          0          0        673   .\build\rt_event.o
       638         34          0          0         48       8569   .\build\rt_list.o
       666         10          0          0          0       4141   .\build\rt_mailbox.o
       180          0          0          0          0       2097   .\build\rt_membox.o
       654         22          0          0          0       3021   .\build\rt_mutex.o
         0          0          0          5          0       1829   .\build\rt_oseventobserver.o
       112         22          0          8          0       1230   .\build\rt_robin.o
       330         16          0          0          0       3746   .\build\rt_semaphore.o
       382         58          0          7          0       6615   .\build\rt_system.o
      1340        168          0          8         64      10041   .\build\rt_task.o
        14          0          0          4          0        760   .\build\rt_time.o
        18          6          0          4          0       1449   .\build\rtos_idle.o
         0          0         32          0          0       6238   .\build\rtostimer.o
       384        150         92         52       4176      12815   .\build\rtx_conf_cm.o
        74          0          0          0          0       2656   .\build\semaphore.o
      1640        164        372         16        224        888   mbed/TARGET_LPC1768/TOOLCHAIN_ARM_STD/serial_api.o
        36          8        196          0          0        228   mbed/TARGET_LPC1768/TOOLCHAIN_ARM_STD/startup_LPC17xx.o
         4          4          0          0          0        252   .\build\svc_table.o
       160         10          0          4          0         68   mbed/TARGET_LPC1768/TOOLCHAIN_ARM_STD/system_LPC17xx.o
       564         90         16          4          0       9944   .\build\thread.o
       264         72          0          4          0        408   mbed/TARGET_LPC1768/TOOLCHAIN_ARM_STD/us_ticker.o

    ----------------------------------------------------------------------
     13766       1718       1148        156       5108     173433   Object Totals
         0          0         32          0          0          0   (incl. Generated)
        32          0          4          4          0          0   (incl. Padding)

    ----------------------------------------------------------------------

      Code (inc. data)   RO Data    RW Data    ZI Data      Debug   Library Member Name

        24          4          0          0          0         84   C:\Keil_v5\ARM\ARMCC\Bin\..\lib\armlib\c_w.l(__2printf.o)
         8          0          0          0          0         68   C:\Keil_v5\ARM\ARMCC\Bin\..\lib\armlib\c_w.l(__main.o)
       392          4         17          0          0         92   C:\Keil_v5\ARM\ARMCC\Bin\..\lib\armlib\c_w.l(__printf_flags_ss_wp.o)
        14          0          0          0          0         68   C:\Keil_v5\ARM\ARMCC\Bin\..\lib\armlib\c_w.l(__printf_wp.o)
        52          8          0          0          0          0   C:\Keil_v5\ARM\ARMCC\Bin\..\lib\armlib\c_w.l(__scatter.o)
        26          0          0          0          0          0   C:\Keil_v5\ARM\ARMCC\Bin\..\lib\armlib\c_w.l(__scatter_copy.o)
        28          0          0          0          0          0   C:\Keil_v5\ARM\ARMCC\Bin\..\lib\armlib\c_w.l(__scatter_zi.o)
         6          0          0          0          0          0   C:\Keil_v5\ARM\ARMCC\Bin\..\lib\armlib\c_w.l(_printf_a.o)
         6          0          0          0          0          0   C:\Keil_v5\ARM\ARMCC\Bin\..\lib\armlib\c_w.l(_printf_c.o)
        44          0          0          0          0        108   C:\Keil_v5\ARM\ARMCC\Bin\..\lib\armlib\c_w.l(_printf_char.o)
        48          6          0          0          0         96   C:\Keil_v5\ARM\ARMCC\Bin\..\lib\armlib\c_w.l(_printf_char_common.o)
        64          6          0          0          0         84   C:\Keil_v5\ARM\ARMCC\Bin\..\lib\armlib\c_w.l(_printf_char_file_locked.o)
        40          0          0          0          0         68   C:\Keil_v5\ARM\ARMCC\Bin\..\lib\armlib\c_w.l(_printf_charcount.o)
         6          0          0          0          0          0   C:\Keil_v5\ARM\ARMCC\Bin\..\lib\armlib\c_w.l(_printf_d.o)
       120         16          0          0          0         92   C:\Keil_v5\ARM\ARMCC\Bin\..\lib\armlib\c_w.l(_printf_dec.o)
         6          0          0          0          0          0   C:\Keil_v5\ARM\ARMCC\Bin\..\lib\armlib\c_w.l(_printf_e.o)
         6          0          0          0          0          0   C:\Keil_v5\ARM\ARMCC\Bin\..\lib\armlib\c_w.l(_printf_f.o)
      1054          0          0          0          0        216   C:\Keil_v5\ARM\ARMCC\Bin\..\lib\armlib\c_w.l(_printf_fp_dec.o)
       764          8         38          0          0        100   C:\Keil_v5\ARM\ARMCC\Bin\..\lib\armlib\c_w.l(_printf_fp_hex.o)
       128         16          0          0          0         84   C:\Keil_v5\ARM\ARMCC\Bin\..\lib\armlib\c_w.l(_printf_fp_infnan.o)
         6          0          0          0          0          0   C:\Keil_v5\ARM\ARMCC\Bin\..\lib\armlib\c_w.l(_printf_g.o)
       148          4         40          0          0        160   C:\Keil_v5\ARM\ARMCC\Bin\..\lib\armlib\c_w.l(_printf_hex_int_ll_ptr.o)
         6          0          0          0          0          0   C:\Keil_v5\ARM\ARMCC\Bin\..\lib\armlib\c_w.l(_printf_i.o)
       178          0          0          0          0         88   C:\Keil_v5\ARM\ARMCC\Bin\..\lib\armlib\c_w.l(_printf_intcommon.o)
        10          0          0          0          0          0   C:\Keil_v5\ARM\ARMCC\Bin\..\lib\armlib\c_w.l(_printf_l.o)
         6          0          0          0          0          0   C:\Keil_v5\ARM\ARMCC\Bin\..\lib\armlib\c_w.l(_printf_lc.o)
        10          0          0          0          0          0   C:\Keil_v5\ARM\ARMCC\Bin\..\lib\armlib\c_w.l(_printf_ll.o)
         6          0          0          0          0          0   C:\Keil_v5\ARM\ARMCC\Bin\..\lib\armlib\c_w.l(_printf_lld.o)
         6          0          0          0          0          0   C:\Keil_v5\ARM\ARMCC\Bin\..\lib\armlib\c_w.l(_printf_lli.o)
         6          0          0          0          0          0   C:\Keil_v5\ARM\ARMCC\Bin\..\lib\armlib\c_w.l(_printf_llo.o)
         6          0          0          0          0          0   C:\Keil_v5\ARM\ARMCC\Bin\..\lib\armlib\c_w.l(_printf_llu.o)
         6          0          0          0          0          0   C:\Keil_v5\ARM\ARMCC\Bin\..\lib\armlib\c_w.l(_printf_llx.o)
       124         16          0          0          0         92   C:\Keil_v5\ARM\ARMCC\Bin\..\lib\armlib\c_w.l(_printf_longlong_dec.o)
         6          0          0          0          0          0   C:\Keil_v5\ARM\ARMCC\Bin\..\lib\armlib\c_w.l(_printf_ls.o)
         6          0          0          0          0          0   C:\Keil_v5\ARM\ARMCC\Bin\..\lib\armlib\c_w.l(_printf_n.o)
         6          0          0          0          0          0   C:\Keil_v5\ARM\ARMCC\Bin\..\lib\armlib\c_w.l(_printf_o.o)
       112         10          0          0          0        124   C:\Keil_v5\ARM\ARMCC\Bin\..\lib\armlib\c_w.l(_printf_oct_int_ll.o)
         6          0          0          0          0          0   C:\Keil_v5\ARM\ARMCC\Bin\..\lib\armlib\c_w.l(_printf_p.o)
        78          0          0          0          0        108   C:\Keil_v5\ARM\ARMCC\Bin\..\lib\armlib\c_w.l(_printf_pad.o)
         0          0          0          0          0          0   C:\Keil_v5\ARM\ARMCC\Bin\..\lib\armlib\c_w.l(_printf_percent.o)
         4          0          0          0          0          0   C:\Keil_v5\ARM\ARMCC\Bin\..\lib\armlib\c_w.l(_printf_percent_end.o)
         6          0          0          0          0          0   C:\Keil_v5\ARM\ARMCC\Bin\..\lib\armlib\c_w.l(_printf_s.o)
        82          0          0          0          0         80   C:\Keil_v5\ARM\ARMCC\Bin\..\lib\armlib\c_w.l(_printf_str.o)
        36          0          0          0          0         84   C:\Keil_v5\ARM\ARMCC\Bin\..\lib\armlib\c_w.l(_printf_truncate.o)
         6          0          0          0          0          0   C:\Keil_v5\ARM\ARMCC\Bin\..\lib\armlib\c_w.l(_printf_u.o)
        44          0          0          0          0        108   C:\Keil_v5\ARM\ARMCC\Bin\..\lib\armlib\c_w.l(_printf_wchar.o)
       188          6          8          0          0         92   C:\Keil_v5\ARM\ARMCC\Bin\..\lib\armlib\c_w.l(_printf_wctomb.o)
         6          0          0          0          0          0   C:\Keil_v5\ARM\ARMCC\Bin\..\lib\armlib\c_w.l(_printf_x.o)
        16          0          0          0          0         68   C:\Keil_v5\ARM\ARMCC\Bin\..\lib\armlib\c_w.l(_snputc.o)
        10          0          0          0          0         68   C:\Keil_v5\ARM\ARMCC\Bin\..\lib\armlib\c_w.l(_sputc.o)
        64          0          0          0          0         92   C:\Keil_v5\ARM\ARMCC\Bin\..\lib\armlib\c_w.l(_wcrtomb.o)
       228          4        148          0          0         96   C:\Keil_v5\ARM\ARMCC\Bin\..\lib\armlib\c_w.l(bigflt0.o)
      1936        128          0          0          0        672   C:\Keil_v5\ARM\ARMCC\Bin\..\lib\armlib\c_w.l(btod.o)
        10          0          0          0          0         68   C:\Keil_v5\ARM\ARMCC\Bin\..\lib\armlib\c_w.l(defsig_exit.o)
        50          0          0          0          0         88   C:\Keil_v5\ARM\ARMCC\Bin\..\lib\armlib\c_w.l(defsig_general.o)
        80         58          0          0          0         76   C:\Keil_v5\ARM\ARMCC\Bin\..\lib\armlib\c_w.l(defsig_rtmem_inner.o)
        14          0          0          0          0         80   C:\Keil_v5\ARM\ARMCC\Bin\..\lib\armlib\c_w.l(defsig_rtmem_outer.o)
        52         38          0          0          0         76   C:\Keil_v5\ARM\ARMCC\Bin\..\lib\armlib\c_w.l(defsig_rtred_inner.o)
        14          0          0          0          0         80   C:\Keil_v5\ARM\ARMCC\Bin\..\lib\armlib\c_w.l(defsig_rtred_outer.o)
        76          0          0          0          0         88   C:\Keil_v5\ARM\ARMCC\Bin\..\lib\armlib\c_w.l(fclose.o)
       144         10          0          0          0        128   C:\Keil_v5\ARM\ARMCC\Bin\..\lib\armlib\c_w.l(fflush_locked.o)
       470          0          0          0          0         88   C:\Keil_v5\ARM\ARMCC\Bin\..\lib\armlib\c_w.l(flsbuf.o)
       324          8          0          0          0        152   C:\Keil_v5\ARM\ARMCC\Bin\..\lib\armlib\c_w.l(fopen_locked.o)
        26          0          0          0          0         68   C:\Keil_v5\ARM\ARMCC\Bin\..\lib\armlib\c_w.l(fputc.o)
       248          6          0          0          0         84   C:\Keil_v5\ARM\ARMCC\Bin\..\lib\armlib\c_w.l(fseek.o)
        66          0          0          0          0         76   C:\Keil_v5\ARM\ARMCC\Bin\..\lib\armlib\c_w.l(ftell.o)
       158          0          0          0          0        128   C:\Keil_v5\ARM\ARMCC\Bin\..\lib\armlib\c_w.l(h1_alloc_mt.o)
        62          0          0          0          0         80   C:\Keil_v5\ARM\ARMCC\Bin\..\lib\armlib\c_w.l(h1_extend_mt.o)
       118          0          0          0          0        108   C:\Keil_v5\ARM\ARMCC\Bin\..\lib\armlib\c_w.l(h1_free_mt.o)
        18          0          0          0          0         84   C:\Keil_v5\ARM\ARMCC\Bin\..\lib\armlib\c_w.l(h1_init_mt.o)
         6          0          0          0          0        152   C:\Keil_v5\ARM\ARMCC\Bin\..\lib\armlib\c_w.l(heapauxi.o)
         4          0          0          0          0        136   C:\Keil_v5\ARM\ARMCC\Bin\..\lib\armlib\c_w.l(hguard.o)
         0          0          0          0          0          0   C:\Keil_v5\ARM\ARMCC\Bin\..\lib\armlib\c_w.l(indicate_semi.o)
        36         10          0          0          0         80   C:\Keil_v5\ARM\ARMCC\Bin\..\lib\armlib\c_w.l(init_aeabi.o)
       138          0          0          0          0        168   C:\Keil_v5\ARM\ARMCC\Bin\..\lib\armlib\c_w.l(init_alloc.o)
       456         48          0          0          0        116   C:\Keil_v5\ARM\ARMCC\Bin\..\lib\armlib\c_w.l(initio_locked.o)
        44         10        272          0          0         76   C:\Keil_v5\ARM\ARMCC\Bin\..\lib\armlib\c_w.l(lc_ctype_c.o)
        44         10         28          0          0         76   C:\Keil_v5\ARM\ARMCC\Bin\..\lib\armlib\c_w.l(lc_numeric_c.o)
         2          0          0          0          0          0   C:\Keil_v5\ARM\ARMCC\Bin\..\lib\armlib\c_w.l(libinit.o)
        50          0          0          0          0          0   C:\Keil_v5\ARM\ARMCC\Bin\..\lib\armlib\c_w.l(libinit2.o)
         0          0          0          0          0          0   C:\Keil_v5\ARM\ARMCC\Bin\..\lib\armlib\c_w.l(libshutdown2.o)
         8          4          0          0         96         68   C:\Keil_v5\ARM\ARMCC\Bin\..\lib\armlib\c_w.l(libspace.o)
       138          0          0          0          0         80   C:\Keil_v5\ARM\ARMCC\Bin\..\lib\armlib\c_w.l(lludiv10.o)
         0          0          0          0          0          0   C:\Keil_v5\ARM\ARMCC\Bin\..\lib\armlib\c_w.l(maybetermalloc1.o)
       112         18          0          0        228        160   C:\Keil_v5\ARM\ARMCC\Bin\..\lib\armlib\c_w.l(rand.o)
        16          4          0          0          0         76   C:\Keil_v5\ARM\ARMCC\Bin\..\lib\armlib\c_w.l(rt_ctype_table.o)
         4          0          0          0          0         68   C:\Keil_v5\ARM\ARMCC\Bin\..\lib\armlib\c_w.l(rt_errno_addr_twolibspace.o)
        10          0          0          0          0         76   C:\Keil_v5\ARM\ARMCC\Bin\..\lib\armlib\c_w.l(rt_heap_descriptor_twolibspace.o)
        10          0          0          0          0         76   C:\Keil_v5\ARM\ARMCC\Bin\..\lib\armlib\c_w.l(rt_locale_twolibspace.o)
        78          0          0          0          0         80   C:\Keil_v5\ARM\ARMCC\Bin\..\lib\armlib\c_w.l(rt_memclr_w.o)
       100          0          0          0          0         80   C:\Keil_v5\ARM\ARMCC\Bin\..\lib\armlib\c_w.l(rt_memcpy_w.o)
       104          0          0          0          0         88   C:\Keil_v5\ARM\ARMCC\Bin\..\lib\armlib\c_w.l(setvbuf_locked.o)
       240          6          0          0          0        156   C:\Keil_v5\ARM\ARMCC\Bin\..\lib\armlib\c_w.l(stdio.o)
         0          0          0         12        252          0   C:\Keil_v5\ARM\ARMCC\Bin\..\lib\armlib\c_w.l(stdio_streams.o)
       128          0          0          0          0         68   C:\Keil_v5\ARM\ARMCC\Bin\..\lib\armlib\c_w.l(strcmpv7m.o)
         0          0          0          4          0          0   C:\Keil_v5\ARM\ARMCC\Bin\..\lib\armlib\c_w.l(streamlock.o)
        62          0          0          0          0         76   C:\Keil_v5\ARM\ARMCC\Bin\..\lib\armlib\c_w.l(strlen.o)
       150          0          0          0          0         80   C:\Keil_v5\ARM\ARMCC\Bin\..\lib\armlib\c_w.l(strncmp.o)
        12          4          0          0          0         68   C:\Keil_v5\ARM\ARMCC\Bin\..\lib\armlib\c_w.l(sys_exit.o)
        14          0          0          0          0         76   C:\Keil_v5\ARM\ARMCC\Bin\..\lib\armlib\c_w.l(sys_wrch.o)
         2          0          0          0          0         68   C:\Keil_v5\ARM\ARMCC\Bin\..\lib\armlib\c_w.l(use_no_semi.o)
        52          4          0          0          0         80   C:\Keil_v5\ARM\ARMCC\Bin\..\lib\armlib\c_w.l(vsnprintf.o)
         4          0          0          0          0         68   C:\Keil_v5\ARM\ARMCC\Bin\..\lib\armlib\fz_ws.l(printf1.o)
         4          0          0          0          0         68   C:\Keil_v5\ARM\ARMCC\Bin\..\lib\armlib\fz_ws.l(printf2.o)
         0          0          0          0          0          0   C:\Keil_v5\ARM\ARMCC\Bin\..\lib\armlib\fz_ws.l(usenofp.o)
        40          0          0          0          0         68   C:\Keil_v5\ARM\ARMCC\Bin\..\lib\armlib\m_ws.l(fpclassify.o)
       156         26          0         12          0        224   mbed/TARGET_LPC1768/TOOLCHAIN_ARM_STD/mbed.ar(FileBase.o)
       160          0          0          0          0        440   mbed/TARGET_LPC1768/TOOLCHAIN_ARM_STD/mbed.ar(FilePath.o)
        84         52          0          0          0         88   mbed/TARGET_LPC1768/TOOLCHAIN_ARM_STD/mbed.ar(mbed_assert.o)
       348        218          0          8          0        156   mbed/TARGET_LPC1768/TOOLCHAIN_ARM_STD/mbed.ar(mbed_critical.o)
        40          4          0          1          0         88   mbed/TARGET_LPC1768/TOOLCHAIN_ARM_STD/mbed.ar(mbed_error.o)
       216         36          0          0          0        268   mbed/TARGET_LPC1768/TOOLCHAIN_ARM_STD/mbed.ar(mbed_gpio.o)
         4          0          0          0          0         68   mbed/TARGET_LPC1768/TOOLCHAIN_ARM_STD/mbed.ar(mbed_interface.o)
       274         78          0          0          0        308   mbed/TARGET_LPC1768/TOOLCHAIN_ARM_STD/mbed.ar(mbed_pinmap_common.o)
        28          6          0          0          0        144   mbed/TARGET_LPC1768/TOOLCHAIN_ARM_STD/mbed.ar(mbed_semihost_api.o)
       296          0          0          0          0        332   mbed/TARGET_LPC1768/TOOLCHAIN_ARM_STD/mbed.ar(mbed_ticker_api.o)
        20         10         32          0         24        136   mbed/TARGET_LPC1768/TOOLCHAIN_ARM_STD/mbed.ar(mbed_us_ticker_api.o)
        36          0          0          0          0         80   mbed/TARGET_LPC1768/TOOLCHAIN_ARM_STD/mbed.ar(mbed_wait_api_no_rtos.o)

    ----------------------------------------------------------------------
     11882        904        584         40        600       9508   Library Totals
        28          0          1          3          0          0   (incl. Padding)

    ----------------------------------------------------------------------

      Code (inc. data)   RO Data    RW Data    ZI Data      Debug   Library Name

     10144        474        551         16        576       6972   C:\Keil_v5\ARM\ARMCC\Bin\..\lib\armlib\c_w.l
         8          0          0          0          0        136   C:\Keil_v5\ARM\ARMCC\Bin\..\lib\armlib\fz_ws.l
        40          0          0          0          0         68   C:\Keil_v5\ARM\ARMCC\Bin\..\lib\armlib\m_ws.l
      1662        430         32         21         24       2332   mbed/TARGET_LPC1768/TOOLCHAIN_ARM_STD/mbed.ar

    ----------------------------------------------------------------------
     11882        904        584         40        600       9508   Library Totals

    ----------------------------------------------------------------------

==============================================================================


      Code (inc. data)   RO Data    RW Data    ZI Data      Debug   

     25648       2622       1732        196       5708     168169   Grand Totals
     25648       2622       1732        196       5708     168169   ELF Image Totals
     25648       2622       1732        196          0          0   ROM Totals

==============================================================================

    Total RO  Size (Code + RO Data)                27380 (  26.74kB)
    Total RW  Size (RW Data + ZI Data)              5904 (   5.77kB)
    Total ROM Size (Code + RO Data + RW Data)      27576 (  26.93kB)

==============================================================================

